Archive member included to satisfy reference by file (symbol)

c:/program files (x86)/gnu_tools_arm_embedded/7_2017-q4-major/bin/../lib/gcc/arm-none-eabi/7.2.1/../../../../arm-none-eabi/lib/thumb/v7-m\libc_nano.a(lib_a-exit.o)
                              c:/program files (x86)/gnu_tools_arm_embedded/7_2017-q4-major/bin/../lib/gcc/arm-none-eabi/7.2.1/../../../../arm-none-eabi/lib/thumb/v7-m/crt0.o (exit)
c:/program files (x86)/gnu_tools_arm_embedded/7_2017-q4-major/bin/../lib/gcc/arm-none-eabi/7.2.1/../../../../arm-none-eabi/lib/thumb/v7-m\libc_nano.a(lib_a-impure.o)
                              c:/program files (x86)/gnu_tools_arm_embedded/7_2017-q4-major/bin/../lib/gcc/arm-none-eabi/7.2.1/../../../../arm-none-eabi/lib/thumb/v7-m\libc_nano.a(lib_a-exit.o) (_global_impure_ptr)
c:/program files (x86)/gnu_tools_arm_embedded/7_2017-q4-major/bin/../lib/gcc/arm-none-eabi/7.2.1/../../../../arm-none-eabi/lib/thumb/v7-m\libc_nano.a(lib_a-init.o)
                              c:/program files (x86)/gnu_tools_arm_embedded/7_2017-q4-major/bin/../lib/gcc/arm-none-eabi/7.2.1/../../../../arm-none-eabi/lib/thumb/v7-m/crt0.o (__libc_init_array)
c:/program files (x86)/gnu_tools_arm_embedded/7_2017-q4-major/bin/../lib/gcc/arm-none-eabi/7.2.1/../../../../arm-none-eabi/lib/thumb/v7-m\libc_nano.a(lib_a-memset.o)
                              c:/program files (x86)/gnu_tools_arm_embedded/7_2017-q4-major/bin/../lib/gcc/arm-none-eabi/7.2.1/../../../../arm-none-eabi/lib/thumb/v7-m/crt0.o (memset)
c:/program files (x86)/gnu_tools_arm_embedded/7_2017-q4-major/bin/../lib/gcc/arm-none-eabi/7.2.1/../../../../arm-none-eabi/lib/thumb/v7-m\libnosys.a(_exit.o)
                              c:/program files (x86)/gnu_tools_arm_embedded/7_2017-q4-major/bin/../lib/gcc/arm-none-eabi/7.2.1/../../../../arm-none-eabi/lib/thumb/v7-m\libc_nano.a(lib_a-exit.o) (_exit)

Allocating common symbols
Common symbol       size              file

tick_main           0x4               build/main.o
uwTick              0x4               build/stm32f1xx_hal.o
pFlash              0x20              build/stm32f1xx_hal_flash.o
huart1              0x48              build/main.o
hrtc                0x14              build/main.o
u8g2_pg             0x4c              build/u8g2_polygon.o
hspi1               0x58              build/main.o

Discarded input sections

 .text          0x00000000        0x0 c:/program files (x86)/gnu_tools_arm_embedded/7_2017-q4-major/bin/../lib/gcc/arm-none-eabi/7.2.1/thumb/v7-m/crti.o
 .data          0x00000000        0x0 c:/program files (x86)/gnu_tools_arm_embedded/7_2017-q4-major/bin/../lib/gcc/arm-none-eabi/7.2.1/thumb/v7-m/crti.o
 .bss           0x00000000        0x0 c:/program files (x86)/gnu_tools_arm_embedded/7_2017-q4-major/bin/../lib/gcc/arm-none-eabi/7.2.1/thumb/v7-m/crti.o
 .data          0x00000000        0x4 c:/program files (x86)/gnu_tools_arm_embedded/7_2017-q4-major/bin/../lib/gcc/arm-none-eabi/7.2.1/thumb/v7-m/crtbegin.o
 .text          0x00000000       0x74 c:/program files (x86)/gnu_tools_arm_embedded/7_2017-q4-major/bin/../lib/gcc/arm-none-eabi/7.2.1/../../../../arm-none-eabi/lib/thumb/v7-m/crt0.o
 .data          0x00000000        0x0 c:/program files (x86)/gnu_tools_arm_embedded/7_2017-q4-major/bin/../lib/gcc/arm-none-eabi/7.2.1/../../../../arm-none-eabi/lib/thumb/v7-m/crt0.o
 .bss           0x00000000        0x0 c:/program files (x86)/gnu_tools_arm_embedded/7_2017-q4-major/bin/../lib/gcc/arm-none-eabi/7.2.1/../../../../arm-none-eabi/lib/thumb/v7-m/crt0.o
 .ARM.extab     0x00000000        0x0 c:/program files (x86)/gnu_tools_arm_embedded/7_2017-q4-major/bin/../lib/gcc/arm-none-eabi/7.2.1/../../../../arm-none-eabi/lib/thumb/v7-m/crt0.o
 .ARM.exidx     0x00000000        0x8 c:/program files (x86)/gnu_tools_arm_embedded/7_2017-q4-major/bin/../lib/gcc/arm-none-eabi/7.2.1/../../../../arm-none-eabi/lib/thumb/v7-m/crt0.o
 .ARM.attributes
                0x00000000       0x1b c:/program files (x86)/gnu_tools_arm_embedded/7_2017-q4-major/bin/../lib/gcc/arm-none-eabi/7.2.1/../../../../arm-none-eabi/lib/thumb/v7-m/crt0.o
 .text          0x00000000        0x0 build/main.o
 .data          0x00000000        0x0 build/main.o
 .bss           0x00000000        0x0 build/main.o
 .text          0x00000000        0x0 build/stm32f1xx_it.o
 .data          0x00000000        0x0 build/stm32f1xx_it.o
 .bss           0x00000000        0x0 build/stm32f1xx_it.o
 .text          0x00000000        0x0 build/stm32f1xx_hal_msp.o
 .data          0x00000000        0x0 build/stm32f1xx_hal_msp.o
 .bss           0x00000000        0x0 build/stm32f1xx_hal_msp.o
 .text.HAL_RTC_MspInit
                0x00000000       0x40 build/stm32f1xx_hal_msp.o
 .text.HAL_RTC_MspDeInit
                0x00000000       0x1c build/stm32f1xx_hal_msp.o
 .text.HAL_SPI_MspDeInit
                0x00000000       0x2c build/stm32f1xx_hal_msp.o
 .text.HAL_UART_MspDeInit
                0x00000000       0x34 build/stm32f1xx_hal_msp.o
[...]
Memory Configuration

Name             Origin             Length             Attributes
RAM              0x20000000         0x00005000         xrw
FLASH            0x08000000         0x00010000         xr
*default*        0x00000000         0xffffffff

Linker script and memory map

LOAD c:/program files (x86)/gnu_tools_arm_embedded/7_2017-q4-major/bin/../lib/gcc/arm-none-eabi/7.2.1/thumb/v7-m/crti.o
LOAD c:/program files (x86)/gnu_tools_arm_embedded/7_2017-q4-major/bin/../lib/gcc/arm-none-eabi/7.2.1/thumb/v7-m/crtbegin.o
LOAD c:/program files (x86)/gnu_tools_arm_embedded/7_2017-q4-major/bin/../lib/gcc/arm-none-eabi/7.2.1/../../../../arm-none-eabi/lib/thumb/v7-m/crt0.o
LOAD build/main.o
LOAD build/stm32f1xx_it.o
LOAD build/stm32f1xx_hal_msp.o
LOAD build/stm32f1xx_hal_gpio_ex.o
LOAD build/stm32f1xx_hal_rtc.o
LOAD build/stm32f1xx_hal_rtc_ex.o
LOAD build/stm32f1xx_hal.o
LOAD build/stm32f1xx_hal_rcc.o
LOAD build/stm32f1xx_hal_rcc_ex.o
LOAD build/stm32f1xx_hal_gpio.o
LOAD build/stm32f1xx_hal_dma.o
LOAD build/stm32f1xx_hal_cortex.o
LOAD build/stm32f1xx_hal_pwr.o
LOAD build/stm32f1xx_hal_flash.o
LOAD build/stm32f1xx_hal_flash_ex.o
LOAD build/stm32f1xx_hal_exti.o
LOAD build/stm32f1xx_hal_spi.o
LOAD build/stm32f1xx_hal_tim.o
LOAD build/stm32f1xx_hal_tim_ex.o
LOAD build/stm32f1xx_hal_uart.o
LOAD build/system_stm32f1xx.o
LOAD build/u8g2_bitmap.o
LOAD build/u8g2_box.o
LOAD build/u8g2_buffer.o
LOAD build/u8g2_circle.o
LOAD build/u8g2_cleardisplay.o
LOAD build/u8g2_d_memory.o
LOAD build/u8g2_d_setup.o
LOAD build/u8g2_font.o
LOAD build/u8g2_fonts.o
LOAD build/u8g2_hvline.o
LOAD build/u8g2_input_value.o
LOAD build/u8g2_intersection.o
LOAD build/u8g2_kerning.o
LOAD build/u8g2_line.o
LOAD build/u8g2_ll_hvline.o
LOAD build/u8g2_message.o
LOAD build/u8g2_polygon.o
LOAD build/u8g2_selection_list.o
LOAD build/u8g2_setup.o
LOAD build/u8x8_8x8.o
LOAD build/u8x8_byte.o
LOAD build/u8x8_cad.o
LOAD build/u8x8_d_pcd8544_84x48.o
LOAD build/u8x8_debounce.o
LOAD build/u8x8_display.o
LOAD build/u8x8_fonts.o
LOAD build/u8x8_gpio.o
LOAD build/u8x8_input_value.o
LOAD build/u8x8_message.o
LOAD build/u8x8_selection_list.o
LOAD build/u8x8_setup.o
LOAD build/u8x8_string.o
LOAD build/u8x8_u16toa.o
LOAD build/u8x8_u8toa.o
LOAD build/startup_stm32f103xb.o
LOAD c:/program files (x86)/gnu_tools_arm_embedded/7_2017-q4-major/bin/../lib/gcc/arm-none-eabi/7.2.1/../../../../arm-none-eabi/lib/thumb/v7-m\libc_nano.a
LOAD c:/program files (x86)/gnu_tools_arm_embedded/7_2017-q4-major/bin/../lib/gcc/arm-none-eabi/7.2.1/../../../../arm-none-eabi/lib/thumb/v7-m\libm.a
LOAD c:/program files (x86)/gnu_tools_arm_embedded/7_2017-q4-major/bin/../lib/gcc/arm-none-eabi/7.2.1/../../../../arm-none-eabi/lib/thumb/v7-m\libnosys.a
START GROUP
LOAD c:/program files (x86)/gnu_tools_arm_embedded/7_2017-q4-major/bin/../lib/gcc/arm-none-eabi/7.2.1/thumb/v7-m\libgcc.a
LOAD c:/program files (x86)/gnu_tools_arm_embedded/7_2017-q4-major/bin/../lib/gcc/arm-none-eabi/7.2.1/../../../../arm-none-eabi/lib/thumb/v7-m\libc_nano.a
END GROUP
START GROUP
LOAD c:/program files (x86)/gnu_tools_arm_embedded/7_2017-q4-major/bin/../lib/gcc/arm-none-eabi/7.2.1/thumb/v7-m\libgcc.a
LOAD c:/program files (x86)/gnu_tools_arm_embedded/7_2017-q4-major/bin/../lib/gcc/arm-none-eabi/7.2.1/../../../../arm-none-eabi/lib/thumb/v7-m\libc_nano.a
END GROUP
LOAD c:/program files (x86)/gnu_tools_arm_embedded/7_2017-q4-major/bin/../lib/gcc/arm-none-eabi/7.2.1/thumb/v7-m/crtend.o
LOAD c:/program files (x86)/gnu_tools_arm_embedded/7_2017-q4-major/bin/../lib/gcc/arm-none-eabi/7.2.1/thumb/v7-m/crtn.o
                0x20005000                _estack = (ORIGIN (RAM) + LENGTH (RAM))
                0x00000200                _Min_Heap_Size = 0x200
                0x00000400                _Min_Stack_Size = 0x400

.isr_vector     0x08000000      0x10c
                0x08000000                . = ALIGN (0x4)
 *(.isr_vector)
 .isr_vector    0x08000000      0x10c build/startup_stm32f103xb.o
                0x08000000                g_pfnVectors
                0x0800010c                . = ALIGN (0x4)

.text           0x0800010c     0x29bc
                0x0800010c                . = ALIGN (0x4)
 *(.text)
 .text          0x0800010c       0x40 c:/program files (x86)/gnu_tools_arm_embedded/7_2017-q4-major/bin/../lib/gcc/arm-none-eabi/7.2.1/thumb/v7-m/crtbegin.o
 *(.text*)
 .text.MX_GPIO_Init
                0x0800014c       0xc4 build/main.o
 .text.u8x8_stm32_gpio_and_delay
                0x08000210       0x5c build/main.o
                0x08000210                u8x8_stm32_gpio_and_delay
 .text.u8x8_byte_4wire_hw_spi
                0x0800026c       0x48 build/main.o
                0x0800026c                u8x8_byte_4wire_hw_spi
 .text.Error_Handler
                0x080002b4        0x4 build/main.o
                0x080002b4                Error_Handler
 .text.MX_SPI1_Init
                0x080002b8       0x40 build/main.o
 .text.MX_USART1_UART_Init
                0x080002f8       0x34 build/main.o
 .text.SystemClock_Config
                0x0800032c       0x82 build/main.o
                0x0800032c                SystemClock_Config
 *fill*         0x080003ae        0x2 
 .text.main     0x080003b0       0xe0 build/main.o
                0x080003b0                main
 .text.NMI_Handler
                0x08000490        0x2 build/stm32f1xx_it.o
                0x08000490                NMI_Handler
 .text.HardFault_Handler
                0x08000492        0x2 build/stm32f1xx_it.o
                0x08000492                HardFault_Handler
 .text.MemManage_Handler
                0x08000494        0x2 build/stm32f1xx_it.o
                0x08000494                MemManage_Handler
 .text.BusFault_Handler
                0x08000496        0x2 build/stm32f1xx_it.o
                0x08000496                BusFault_Handler
 .text.UsageFault_Handler
                0x08000498        0x2 build/stm32f1xx_it.o
                0x08000498                UsageFault_Handler
 .text.SVC_Handler
                0x0800049a        0x2 build/stm32f1xx_it.o
                0x0800049a                SVC_Handler
 .text.DebugMon_Handler
                0x0800049c        0x2 build/stm32f1xx_it.o
                0x0800049c                DebugMon_Handler
 .text.PendSV_Handler
                0x0800049e        0x2 build/stm32f1xx_it.o
                0x0800049e                PendSV_Handler
 .text.SysTick_Handler
                0x080004a0        0x8 build/stm32f1xx_it.o
                0x080004a0                SysTick_Handler
 .text.USART1_IRQHandler
                0x080004a8       0x10 build/stm32f1xx_it.o
                0x080004a8                USART1_IRQHandler
 .text.HAL_MspInit
                0x080004b8       0x44 build/stm32f1xx_hal_msp.o
                0x080004b8                HAL_MspInit
 .text.HAL_SPI_MspInit
                0x080004fc       0x74 build/stm32f1xx_hal_msp.o
                0x080004fc                HAL_SPI_MspInit
 .text.HAL_UART_MspInit
                0x08000570       0x88 build/stm32f1xx_hal_msp.o
                0x08000570                HAL_UART_MspInit
 .text.HAL_InitTick
                0x080005f8       0x4c build/stm32f1xx_hal.o
                0x080005f8                HAL_InitTick
 .text.HAL_Init
                0x08000644       0x24 build/stm32f1xx_hal.o
                0x08000644                HAL_Init
 .text.HAL_IncTick
                0x08000668       0x18 build/stm32f1xx_hal.o
                0x08000668                HAL_IncTick
 .text.HAL_GetTick
                0x08000680        0xc build/stm32f1xx_hal.o
                0x08000680                HAL_GetTick
 .text.HAL_Delay
                0x0800068c       0x28 build/stm32f1xx_hal.o
                0x0800068c                HAL_Delay
 .text.RCC_Delay
                0x080006b4       0x2c build/stm32f1xx_hal_rcc.o
 .text.HAL_RCC_OscConfig
                0x080006e0      0x410 build/stm32f1xx_hal_rcc.o
                0x080006e0                HAL_RCC_OscConfig
 .text.HAL_RCC_GetSysClockFreq
                0x08000af0       0x54 build/stm32f1xx_hal_rcc.o
                0x08000af0                HAL_RCC_GetSysClockFreq
 .text.HAL_RCC_ClockConfig
                0x08000b44      0x168 build/stm32f1xx_hal_rcc.o
                0x08000b44                HAL_RCC_ClockConfig
 .text.HAL_RCC_GetHCLKFreq
                0x08000cac        0xc build/stm32f1xx_hal_rcc.o
                0x08000cac                HAL_RCC_GetHCLKFreq
 .text.HAL_RCC_GetPCLK1Freq
                0x08000cb8       0x20 build/stm32f1xx_hal_rcc.o
                0x08000cb8                HAL_RCC_GetPCLK1Freq
 .text.HAL_RCC_GetPCLK2Freq
                0x08000cd8       0x20 build/stm32f1xx_hal_rcc.o
                0x08000cd8                HAL_RCC_GetPCLK2Freq
 .text.HAL_RCCEx_PeriphCLKConfig
                0x08000cf8      0x114 build/stm32f1xx_hal_rcc_ex.o
                0x08000cf8                HAL_RCCEx_PeriphCLKConfig
 .text.HAL_GPIO_Init
                0x08000e0c      0x1d8 build/stm32f1xx_hal_gpio.o
                0x08000e0c                HAL_GPIO_Init
 .text.HAL_GPIO_WritePin
                0x08000fe4        0xc build/stm32f1xx_hal_gpio.o
                0x08000fe4                HAL_GPIO_WritePin
 .text.HAL_GPIO_TogglePin
                0x08000ff0       0x12 build/stm32f1xx_hal_gpio.o
                0x08000ff0                HAL_GPIO_TogglePin
 .text.HAL_DMA_Abort
                0x08001002       0x46 build/stm32f1xx_hal_dma.o
                0x08001002                HAL_DMA_Abort
 .text.HAL_DMA_Abort_IT
                0x08001048       0x98 build/stm32f1xx_hal_dma.o
                0x08001048                HAL_DMA_Abort_IT
 .text.HAL_NVIC_SetPriorityGrouping
                0x080010e0       0x24 build/stm32f1xx_hal_cortex.o
                0x080010e0                HAL_NVIC_SetPriorityGrouping
 .text.HAL_NVIC_SetPriority
                0x08001104       0x68 build/stm32f1xx_hal_cortex.o
                0x08001104                HAL_NVIC_SetPriority
 .text.HAL_NVIC_EnableIRQ
                0x0800116c       0x1c build/stm32f1xx_hal_cortex.o
                0x0800116c                HAL_NVIC_EnableIRQ
 .text.HAL_SYSTICK_Config
                0x08001188       0x2c build/stm32f1xx_hal_cortex.o
                0x08001188                HAL_SYSTICK_Config
 .text.SPI_WaitFlagStateUntilTimeout
                0x080011b4       0xd0 build/stm32f1xx_hal_spi.o
 .text.SPI_EndRxTxTransaction
                0x08001284       0x28 build/stm32f1xx_hal_spi.o
 .text.HAL_SPI_Init
                0x080012ac       0xb6 build/stm32f1xx_hal_spi.o
                0x080012ac                HAL_SPI_Init
 .text.HAL_SPI_Transmit
                0x08001362      0x1a4 build/stm32f1xx_hal_spi.o
                0x08001362                HAL_SPI_Transmit
 .text.UART_EndRxTransfer
                0x08001506       0x5c build/stm32f1xx_hal_uart.o
 .text.UART_Transmit_IT
                0x08001562       0x62 build/stm32f1xx_hal_uart.o
 .text.UART_SetConfig
                0x080015c4       0x90 build/stm32f1xx_hal_uart.o
 .text.HAL_UART_Init
                0x08001654       0x60 build/stm32f1xx_hal_uart.o
                0x08001654                HAL_UART_Init
 .text.HAL_UART_TxCpltCallback
                0x080016b4        0x2 build/stm32f1xx_hal_uart.o
                0x080016b4                HAL_UART_TxCpltCallback
 .text.UART_EndTransmit_IT
                0x080016b6       0x1a build/stm32f1xx_hal_uart.o
 .text.HAL_UART_RxCpltCallback
                0x080016d0        0x2 build/stm32f1xx_hal_uart.o
                0x080016d0                HAL_UART_RxCpltCallback
 .text.HAL_UART_ErrorCallback
                0x080016d2        0x2 build/stm32f1xx_hal_uart.o
                0x080016d2                HAL_UART_ErrorCallback
 .text.UART_DMAAbortOnError
                0x080016d4       0x10 build/stm32f1xx_hal_uart.o
 .text.HAL_UARTEx_RxEventCallback
                0x080016e4        0x2 build/stm32f1xx_hal_uart.o
                0x080016e4                HAL_UARTEx_RxEventCallback
 .text.UART_Receive_IT
                0x080016e6       0xe6 build/stm32f1xx_hal_uart.o
 .text.HAL_UART_IRQHandler
                0x080017cc      0x278 build/stm32f1xx_hal_uart.o
                0x080017cc                HAL_UART_IRQHandler
 .text.SystemInit
                0x08001a44        0x2 build/system_stm32f1xx.o
                0x08001a44                SystemInit
 .text.u8g2_send_tile_row
                0x08001a46       0x20 build/u8g2_buffer.o
 .text.u8g2_send_buffer
                0x08001a66       0x34 build/u8g2_buffer.o
 .text.u8g2_ClearBuffer
                0x08001a9a       0x1a build/u8g2_buffer.o
                0x08001a9a                u8g2_ClearBuffer
 .text.u8g2_SetBufferCurrTileRow
                0x08001ab4       0x18 build/u8g2_buffer.o
                0x08001ab4                u8g2_SetBufferCurrTileRow
 .text.u8g2_FirstPage
                0x08001acc       0x1a build/u8g2_buffer.o
                0x08001acc                u8g2_FirstPage
 .text.u8g2_NextPage
                0x08001ae6       0x40 build/u8g2_buffer.o
                0x08001ae6                u8g2_NextPage
 .text.u8g2_draw_circle_section
                0x08001b26       0xbe build/u8g2_circle.o
 .text.u8g2_draw_circle
                0x08001be4       0x7e build/u8g2_circle.o
 .text.u8g2_DrawCircle
                0x08001c62       0x48 build/u8g2_circle.o
                0x08001c62                u8g2_DrawCircle
 *fill*         0x08001caa        0x2 
 .text.u8g2_m_11_6_1
                0x08001cac        0xc build/u8g2_d_memory.o
                0x08001cac                u8g2_m_11_6_1
 .text.u8g2_Setup_pcd8544_84x48_1
                0x08001cb8       0x3c build/u8g2_d_setup.o
                0x08001cb8                u8g2_Setup_pcd8544_84x48_1
 .text.u8g2_font_get_byte
                0x08001cf4        0x4 build/u8g2_font.o
 .text.u8g2_font_get_word
                0x08001cf8        0xe build/u8g2_font.o
 .text.u8g2_add_vector_y
                0x08001d06       0x22 build/u8g2_font.o
 .text.u8g2_add_vector_x
                0x08001d28       0x22 build/u8g2_font.o
 .text.u8g2_font_calc_vref_font
                0x08001d4a        0x4 build/u8g2_font.o
                0x08001d4a                u8g2_font_calc_vref_font
 .text.u8g2_read_font_info
                0x08001d4e       0xd0 build/u8g2_font.o
                0x08001d4e                u8g2_read_font_info
 .text.u8g2_font_decode_get_unsigned_bits
                0x08001e1e       0x3e build/u8g2_font.o
                0x08001e1e                u8g2_font_decode_get_unsigned_bits
 .text.u8g2_font_setup_decode
                0x08001e5c       0x40 build/u8g2_font.o
 .text.u8g2_font_decode_get_signed_bits
                0x08001e9c       0x16 build/u8g2_font.o
                0x08001e9c                u8g2_font_decode_get_signed_bits
 .text.u8g2_font_decode_len
                0x08001eb2       0xc0 build/u8g2_font.o
                0x08001eb2                u8g2_font_decode_len
 .text.u8g2_font_decode_glyph
                0x08001f72      0x152 build/u8g2_font.o
                0x08001f72                u8g2_font_decode_glyph
 .text.u8g2_font_get_glyph_data
                0x080020c4       0x74 build/u8g2_font.o
                0x080020c4                u8g2_font_get_glyph_data
 .text.u8g2_font_draw_glyph
                0x08002138       0x24 build/u8g2_font.o
 .text.u8g2_DrawGlyph
                0x0800215c       0x4e build/u8g2_font.o
                0x0800215c                u8g2_DrawGlyph
 *fill*         0x080021aa        0x2 
 .text.u8g2_draw_string
                0x080021ac       0x7c build/u8g2_font.o
 .text.u8g2_DrawStr
                0x08002228       0x10 build/u8g2_font.o
                0x08002228                u8g2_DrawStr
 .text.u8g2_UpdateRefHeight
                0x08002238       0x60 build/u8g2_font.o
                0x08002238                u8g2_UpdateRefHeight
 .text.u8g2_SetFontPosBaseline
                0x08002298        0xc build/u8g2_font.o
                0x08002298                u8g2_SetFontPosBaseline
 .text.u8g2_SetFont
                0x080022a4       0x1c build/u8g2_font.o
                0x080022a4                u8g2_SetFont
 .text.u8g2_clip_intersection2
                0x080022c0       0x42 build/u8g2_hvline.o
 .text.u8g2_draw_hv_line_2dir
                0x08002302       0x1a build/u8g2_hvline.o
                0x08002302                u8g2_draw_hv_line_2dir
 .text.u8g2_DrawHVLine
                0x0800231c       0xc8 build/u8g2_hvline.o
                0x0800231c                u8g2_DrawHVLine
 .text.u8g2_DrawPixel
                0x080023e4       0x36 build/u8g2_hvline.o
                0x080023e4                u8g2_DrawPixel
 .text.u8g2_is_intersection_decision_tree
                0x0800241a       0x2c build/u8g2_intersection.o
                0x0800241a                u8g2_is_intersection_decision_tree
 .text.u8g2_IsIntersection
                0x08002446       0x32 build/u8g2_intersection.o
                0x08002446                u8g2_IsIntersection
 .text.u8g2_ll_hvline_vertical_top_lsb
                0x08002478       0x90 build/u8g2_ll_hvline.o
                0x08002478                u8g2_ll_hvline_vertical_top_lsb
 .text.u8g2_update_dimension_common
                0x08002508       0x5c build/u8g2_setup.o
 .text.u8g2_update_dimension_r2
                0x08002564        0x8 build/u8g2_setup.o
                0x08002564                u8g2_update_dimension_r2
 .text.u8g2_apply_clip_window
                0x0800256c       0x70 build/u8g2_setup.o
 .text.u8g2_update_page_win_r2
                0x080025dc       0x36 build/u8g2_setup.o
                0x080025dc                u8g2_update_page_win_r2
 .text.u8g2_draw_l90_r2
                0x08002612       0x3a build/u8g2_setup.o
                0x08002612                u8g2_draw_l90_r2
 .text.u8g2_SetMaxClipWindow
                0x0800264c       0x1e build/u8g2_setup.o
                0x0800264c                u8g2_SetMaxClipWindow
 .text.u8g2_SetupBuffer
                0x0800266a       0x40 build/u8g2_setup.o
                0x0800266a                u8g2_SetupBuffer
 .text.u8x8_ascii_next
                0x080026aa       0x16 build/u8x8_8x8.o
                0x080026aa                u8x8_ascii_next
 .text.u8x8_utf8_init
                0x080026c0        0x8 build/u8x8_8x8.o
                0x080026c0                u8x8_utf8_init
 .text.u8x8_byte_SetDC
                0x080026c8        0xe build/u8x8_byte.o
                0x080026c8                u8x8_byte_SetDC
 .text.u8x8_byte_SendBytes
                0x080026d6        0xe build/u8x8_byte.o
                0x080026d6                u8x8_byte_SendBytes
 .text.u8x8_byte_SendByte
                0x080026e4       0x16 build/u8x8_byte.o
                0x080026e4                u8x8_byte_SendByte
 .text.u8x8_cad_SendCmd
                0x080026fa        0xe build/u8x8_cad.o
                0x080026fa                u8x8_cad_SendCmd
 .text.u8x8_cad_SendData
                0x08002708        0xe build/u8x8_cad.o
                0x08002708                u8x8_cad_SendData
 .text.u8x8_cad_StartTransfer
                0x08002716        0xe build/u8x8_cad.o
                0x08002716                u8x8_cad_StartTransfer
 .text.u8x8_cad_EndTransfer
                0x08002724        0xe build/u8x8_cad.o
                0x08002724                u8x8_cad_EndTransfer
 .text.u8x8_cad_SendSequence
                0x08002732       0x6a build/u8x8_cad.o
                0x08002732                u8x8_cad_SendSequence
 .text.u8x8_cad_001
                0x0800279c       0x5c build/u8x8_cad.o
                0x0800279c                u8x8_cad_001
 .text.u8x8_d_pcd8544_84x48
                0x080027f8       0xf4 build/u8x8_d_pcd8544_84x48.o
                0x080027f8                u8x8_d_pcd8544_84x48
 .text.u8x8_d_helper_display_setup_memory
                0x080028ec        0xa build/u8x8_display.o
                0x080028ec                u8x8_d_helper_display_setup_memory
 .text.u8x8_d_helper_display_init
                0x080028f6       0x5e build/u8x8_display.o
                0x080028f6                u8x8_d_helper_display_init
 .text.u8x8_DrawTile
                0x08002954       0x24 build/u8x8_display.o
                0x08002954                u8x8_DrawTile
 .text.u8x8_SetupMemory
                0x08002978        0xe build/u8x8_display.o
                0x08002978                u8x8_SetupMemory
 .text.u8x8_InitDisplay
                0x08002986        0xe build/u8x8_display.o
                0x08002986                u8x8_InitDisplay
 .text.u8x8_SetPowerSave
                0x08002994        0xe build/u8x8_display.o
                0x08002994                u8x8_SetPowerSave
 .text.u8x8_RefreshDisplay
                0x080029a2        0xe build/u8x8_display.o
                0x080029a2                u8x8_RefreshDisplay
 .text.u8x8_gpio_call
                0x080029b0        0xa build/u8x8_gpio.o
                0x080029b0                u8x8_gpio_call
 .text.u8x8_dummy_cb
                0x080029ba        0x4 build/u8x8_setup.o
                0x080029ba                u8x8_dummy_cb
 *fill*         0x080029be        0x2 
 .text.u8x8_SetupDefaults
                0x080029c0       0x2c build/u8x8_setup.o
                0x080029c0                u8x8_SetupDefaults
 .text.u8x8_Setup
                0x080029ec       0x20 build/u8x8_setup.o
                0x080029ec                u8x8_Setup
 .text.Reset_Handler
                0x08002a0c       0x48 build/startup_stm32f103xb.o
                0x08002a0c                Reset_Handler
 .text.Default_Handler
                0x08002a54        0x2 build/startup_stm32f103xb.o
                0x08002a54                RTC_Alarm_IRQHandler
                0x08002a54                EXTI2_IRQHandler
                0x08002a54                TIM1_CC_IRQHandler
                0x08002a54                PVD_IRQHandler
                0x08002a54                EXTI3_IRQHandler
                0x08002a54                EXTI0_IRQHandler
                0x08002a54                I2C2_EV_IRQHandler
                0x08002a54                ADC1_2_IRQHandler
                0x08002a54                SPI1_IRQHandler
                0x08002a54                TAMPER_IRQHandler
                0x08002a54                DMA1_Channel4_IRQHandler
                0x08002a54                USART3_IRQHandler
                0x08002a54                RTC_IRQHandler
                0x08002a54                DMA1_Channel7_IRQHandler
                0x08002a54                CAN1_RX1_IRQHandler
                0x08002a54                TIM4_IRQHandler
                0x08002a54                I2C1_EV_IRQHandler
                0x08002a54                DMA1_Channel6_IRQHandler
                0x08002a54                TIM3_IRQHandler
                0x08002a54                RCC_IRQHandler
                0x08002a54                TIM1_TRG_COM_IRQHandler
                0x08002a54                DMA1_Channel1_IRQHandler
                0x08002a54                Default_Handler
                0x08002a54                EXTI15_10_IRQHandler
                0x08002a54                EXTI9_5_IRQHandler
                0x08002a54                SPI2_IRQHandler
                0x08002a54                DMA1_Channel5_IRQHandler
                0x08002a54                EXTI4_IRQHandler
                0x08002a54                USB_LP_CAN1_RX0_IRQHandler
                0x08002a54                USB_HP_CAN1_TX_IRQHandler
                0x08002a54                DMA1_Channel3_IRQHandler
                0x08002a54                TIM1_UP_IRQHandler
                0x08002a54                WWDG_IRQHandler
                0x08002a54                TIM2_IRQHandler
                0x08002a54                TIM1_BRK_IRQHandler
                0x08002a54                EXTI1_IRQHandler
                0x08002a54                USART2_IRQHandler
                0x08002a54                I2C2_ER_IRQHandler
                0x08002a54                DMA1_Channel2_IRQHandler
                0x08002a54                CAN1_SCE_IRQHandler
                0x08002a54                FLASH_IRQHandler
                0x08002a54                I2C1_ER_IRQHandler
                0x08002a54                USBWakeUp_IRQHandler
 *fill*         0x08002a56        0x2 
 .text.__libc_init_array
                0x08002a58       0x48 c:/program files (x86)/gnu_tools_arm_embedded/7_2017-q4-major/bin/../lib/gcc/arm-none-eabi/7.2.1/../../../../arm-none-eabi/lib/thumb/v7-m\libc_nano.a(lib_a-init.o)
                0x08002a58                __libc_init_array
 .text.memset   0x08002aa0       0x10 c:/program files (x86)/gnu_tools_arm_embedded/7_2017-q4-major/bin/../lib/gcc/arm-none-eabi/7.2.1/../../../../arm-none-eabi/lib/thumb/v7-m\libc_nano.a(lib_a-memset.o)
                0x08002aa0                memset
 *(.glue_7)
 .glue_7        0x08002ab0        0x0 linker stubs
 *(.glue_7t)
 .glue_7t       0x08002ab0        0x0 linker stubs
 *(.eh_frame)
 .eh_frame      0x08002ab0        0x0 c:/program files (x86)/gnu_tools_arm_embedded/7_2017-q4-major/bin/../lib/gcc/arm-none-eabi/7.2.1/thumb/v7-m/crtbegin.o
 *(.init)
 .init          0x08002ab0        0x4 c:/program files (x86)/gnu_tools_arm_embedded/7_2017-q4-major/bin/../lib/gcc/arm-none-eabi/7.2.1/thumb/v7-m/crti.o
                0x08002ab0                _init
 .init          0x08002ab4        0x8 c:/program files (x86)/gnu_tools_arm_embedded/7_2017-q4-major/bin/../lib/gcc/arm-none-eabi/7.2.1/thumb/v7-m/crtn.o
 *(.fini)
 .fini          0x08002abc        0x4 c:/program files (x86)/gnu_tools_arm_embedded/7_2017-q4-major/bin/../lib/gcc/arm-none-eabi/7.2.1/thumb/v7-m/crti.o
                0x08002abc                _fini
 .fini          0x08002ac0        0x8 c:/program files (x86)/gnu_tools_arm_embedded/7_2017-q4-major/bin/../lib/gcc/arm-none-eabi/7.2.1/thumb/v7-m/crtn.o
                0x08002ac8                . = ALIGN (0x4)
                0x08002ac8                _etext = .

.vfp11_veneer   0x08002ac8        0x0
 .vfp11_veneer  0x08002ac8        0x0 linker stubs

.v4_bx          0x08002ac8        0x0
 .v4_bx         0x08002ac8        0x0 linker stubs

.iplt           0x08002ac8        0x0
 .iplt          0x08002ac8        0x0 c:/program files (x86)/gnu_tools_arm_embedded/7_2017-q4-major/bin/../lib/gcc/arm-none-eabi/7.2.1/thumb/v7-m/crtbegin.o

.rodata         0x08002ac8     0x1a74
                0x08002ac8                . = ALIGN (0x4)
 *(.rodata)
 *(.rodata*)
 .rodata.main.str1.4
                0x08002ac8       0x18 build/main.o
 .rodata.aPLLMULFactorTable.5878
                0x08002ae0       0x10 build/stm32f1xx_hal_rcc.o
 .rodata.aPredivFactorTable.5879
                0x08002af0        0x2 build/stm32f1xx_hal_rcc.o
 *fill*         0x08002af2        0x2 
 .rodata.AHBPrescTable
                0x08002af4       0x10 build/system_stm32f1xx.o
                0x08002af4                AHBPrescTable
 .rodata.APBPrescTable
                0x08002b04        0x8 build/system_stm32f1xx.o
                0x08002b04                APBPrescTable
 .rodata.u8g2_font_ncenB08_te
                0x08002b0c     0x19e3 build/u8g2_fonts.o
                0x08002b0c                u8g2_font_ncenB08_te
 *fill*         0x080044ef        0x1 
 .rodata.u8g2_cb_r2
                0x080044f0        0xc build/u8g2_setup.o
                0x080044f0                u8g2_cb_r2
 .rodata.u8x8_d_pcd8544_84x48_init_seq
                0x080044fc       0x11 build/u8x8_d_pcd8544_84x48.o
 *fill*         0x0800450d        0x3 
 .rodata.u8x8_d_pcd8544_84x48_powersave0_seq
                0x08004510        0x7 build/u8x8_d_pcd8544_84x48.o
 *fill*         0x08004517        0x1 
 .rodata.u8x8_d_pcd8544_84x48_powersave1_seq
                0x08004518        0x9 build/u8x8_d_pcd8544_84x48.o
 *fill*         0x08004521        0x3 
 .rodata.u8x8_pcd8544_84x48_display_info
                0x08004524       0x18 build/u8x8_d_pcd8544_84x48.o
                0x0800453c                . = ALIGN (0x4)

.rel.dyn        0x0800453c        0x0
 .rel.iplt      0x0800453c        0x0 c:/program files (x86)/gnu_tools_arm_embedded/7_2017-q4-major/bin/../lib/gcc/arm-none-eabi/7.2.1/thumb/v7-m/crtbegin.o

.ARM.extab
 *(.ARM.extab* .gnu.linkonce.armextab.*)

.ARM            0x0800453c        0x0
                0x0800453c                __exidx_start = .
 *(.ARM.exidx*)
                0x0800453c                __exidx_end = .

.preinit_array  0x0800453c        0x0
                0x0800453c                PROVIDE (__preinit_array_start, .)
 *(.preinit_array*)
                0x0800453c                PROVIDE (__preinit_array_end, .)

.init_array     0x0800453c        0x4
                0x0800453c                PROVIDE (__init_array_start, .)
 *(SORT_BY_NAME(.init_array.*))
 *(.init_array*)
 .init_array    0x0800453c        0x4 c:/program files (x86)/gnu_tools_arm_embedded/7_2017-q4-major/bin/../lib/gcc/arm-none-eabi/7.2.1/thumb/v7-m/crtbegin.o
                0x08004540                PROVIDE (__init_array_end, .)

.fini_array     0x08004540        0x4
                [!provide]                PROVIDE (__fini_array_start, .)
 *(SORT_BY_NAME(.fini_array.*))
 *(.fini_array*)
 .fini_array    0x08004540        0x4 c:/program files (x86)/gnu_tools_arm_embedded/7_2017-q4-major/bin/../lib/gcc/arm-none-eabi/7.2.1/thumb/v7-m/crtbegin.o
                [!provide]                PROVIDE (__fini_array_end, .)
                0x08004544                _sidata = LOADADDR (.data)

.data           0x20000000        0xc load address 0x08004544
                0x20000000                . = ALIGN (0x4)
                0x20000000                _sdata = .
 *(.data)
 *(.data*)
 .data.uwTickFreq
                0x20000000        0x1 build/stm32f1xx_hal.o
                0x20000000                uwTickFreq
 *fill*         0x20000001        0x3 
 .data.uwTickPrio
                0x20000004        0x4 build/stm32f1xx_hal.o
                0x20000004                uwTickPrio
 .data.SystemCoreClock
                0x20000008        0x4 build/system_stm32f1xx.o
                0x20000008                SystemCoreClock
                0x2000000c                . = ALIGN (0x4)
                0x2000000c                _edata = .

.igot.plt       0x2000000c        0x0 load address 0x08004550
 .igot.plt      0x2000000c        0x0 c:/program files (x86)/gnu_tools_arm_embedded/7_2017-q4-major/bin/../lib/gcc/arm-none-eabi/7.2.1/thumb/v7-m/crtbegin.o
                0x2000000c                . = ALIGN (0x4)

.bss            0x2000000c      0x1b8 load address 0x08004550
                0x2000000c                _sbss = .
                0x2000000c                __bss_start__ = _sbss
 *(.bss)
 .bss           0x2000000c       0x1c c:/program files (x86)/gnu_tools_arm_embedded/7_2017-q4-major/bin/../lib/gcc/arm-none-eabi/7.2.1/thumb/v7-m/crtbegin.o
 *(.bss*)
 .bss.u8g2      0x20000028       0x88 build/main.o
 .bss.buf.9707  0x200000b0       0x58 build/u8g2_d_memory.o
 *(COMMON)
 COMMON         0x20000108       0xb8 build/main.o
                0x20000108                tick_main
                0x2000010c                huart1
                0x20000154                hrtc
                0x20000168                hspi1
 COMMON         0x200001c0        0x4 build/stm32f1xx_hal.o
                0x200001c0                uwTick
                0x200001c4                . = ALIGN (0x4)
                0x200001c4                _ebss = .
                0x200001c4                __bss_end__ = _ebss

._user_heap_stack
                0x200001c4      0x604 load address 0x08004550
                0x200001c8                . = ALIGN (0x8)
 *fill*         0x200001c4        0x4 
                [!provide]                PROVIDE (end, .)
                [!provide]                PROVIDE (_end, .)
                0x200003c8                . = (. + _Min_Heap_Size)
 *fill*         0x200001c8      0x200 
                0x200007c8                . = (. + _Min_Stack_Size)
 *fill*         0x200003c8      0x400 
                0x200007c8                . = ALIGN (0x8)

/DISCARD/
 libc.a(*)
 libm.a(*)
 libgcc.a(*)

.ARM.attributes
                0x00000000       0x29
 *(.ARM.attributes)
 .ARM.attributes
                0x00000000       0x1d c:/program files (x86)/gnu_tools_arm_embedded/7_2017-q4-major/bin/../lib/gcc/arm-none-eabi/7.2.1/thumb/v7-m/crti.o
 .ARM.attributes
                0x0000001d       0x2d c:/program files (x86)/gnu_tools_arm_embedded/7_2017-q4-major/bin/../lib/gcc/arm-none-eabi/7.2.1/thumb/v7-m/crtbegin.o
 .ARM.attributes
                0x0000004a       0x33 build/main.o
 .ARM.attributes
                0x0000007d       0x33 build/stm32f1xx_it.o
 .ARM.attributes
                0x000000b0       0x33 build/stm32f1xx_hal_msp.o
 .ARM.attributes
                0x000000e3       0x33 build/stm32f1xx_hal.o
 .ARM.attributes
                0x00000116       0x33 build/stm32f1xx_hal_rcc.o
 .ARM.attributes
                0x00000149       0x33 build/stm32f1xx_hal_rcc_ex.o
 .ARM.attributes
                0x0000017c       0x33 build/stm32f1xx_hal_gpio.o
 .ARM.attributes
                0x000001af       0x33 build/stm32f1xx_hal_dma.o
 .ARM.attributes
                0x000001e2       0x33 build/stm32f1xx_hal_cortex.o
 .ARM.attributes
                0x00000215       0x33 build/stm32f1xx_hal_spi.o
 .ARM.attributes
                0x00000248       0x33 build/stm32f1xx_hal_uart.o
 .ARM.attributes
                0x0000027b       0x33 build/system_stm32f1xx.o
 .ARM.attributes
                0x000002ae       0x33 build/u8g2_buffer.o
 .ARM.attributes
                0x000002e1       0x33 build/u8g2_circle.o
 .ARM.attributes
                0x00000314       0x33 build/u8g2_d_memory.o
 .ARM.attributes
                0x00000347       0x33 build/u8g2_d_setup.o
 .ARM.attributes
                0x0000037a       0x33 build/u8g2_font.o
 .ARM.attributes
                0x000003ad       0x33 build/u8g2_fonts.o
 .ARM.attributes
                0x000003e0       0x33 build/u8g2_hvline.o
 .ARM.attributes
                0x00000413       0x33 build/u8g2_intersection.o
 .ARM.attributes
                0x00000446       0x33 build/u8g2_ll_hvline.o
 .ARM.attributes
                0x00000479       0x33 build/u8g2_setup.o
 .ARM.attributes
                0x000004ac       0x33 build/u8x8_8x8.o
 .ARM.attributes
                0x000004df       0x33 build/u8x8_byte.o
 .ARM.attributes
                0x00000512       0x33 build/u8x8_cad.o
 .ARM.attributes
                0x00000545       0x33 build/u8x8_d_pcd8544_84x48.o
 .ARM.attributes
                0x00000578       0x33 build/u8x8_display.o
 .ARM.attributes
                0x000005ab       0x33 build/u8x8_gpio.o
 .ARM.attributes
                0x000005de       0x33 build/u8x8_setup.o
 .ARM.attributes
                0x00000611       0x21 build/startup_stm32f103xb.o
 .ARM.attributes
                0x00000632       0x2d c:/program files (x86)/gnu_tools_arm_embedded/7_2017-q4-major/bin/../lib/gcc/arm-none-eabi/7.2.1/../../../../arm-none-eabi/lib/thumb/v7-m\libc_nano.a(lib_a-init.o)
 .ARM.attributes
                0x0000065f       0x2d c:/program files (x86)/gnu_tools_arm_embedded/7_2017-q4-major/bin/../lib/gcc/arm-none-eabi/7.2.1/../../../../arm-none-eabi/lib/thumb/v7-m\libc_nano.a(lib_a-memset.o)
 .ARM.attributes
                0x0000068c       0x1d c:/program files (x86)/gnu_tools_arm_embedded/7_2017-q4-major/bin/../lib/gcc/arm-none-eabi/7.2.1/thumb/v7-m/crtn.o
OUTPUT(build/LCD_PCD_8544_U8G2.elf elf32-littlearm)

.debug_info     0x00000000    0x6dc10
 .debug_info    0x00000000     0x6d56 build/main.o
 .debug_info    0x00006d56     0x10a8 build/stm32f1xx_it.o
 .debug_info    0x00007dfe     0x1a82 build/stm32f1xx_hal_msp.o
 .debug_info    0x00009880      0x86f build/stm32f1xx_hal.o
 .debug_info    0x0000a0ef      0xaab build/stm32f1xx_hal_rcc.o
 .debug_info    0x0000ab9a      0x4dd build/stm32f1xx_hal_rcc_ex.o
 .debug_info    0x0000b077      0x71d build/stm32f1xx_hal_gpio.o
 .debug_info    0x0000b794      0x8ca build/stm32f1xx_hal_dma.o
 .debug_info    0x0000c05e      0xd62 build/stm32f1xx_hal_cortex.o
 .debug_info    0x0000cdc0     0x1ca3 build/stm32f1xx_hal_spi.o
 .debug_info    0x0000ea63     0x3ab7 build/stm32f1xx_hal_uart.o
 .debug_info    0x0001251a      0x2c7 build/system_stm32f1xx.o
 .debug_info    0x000127e1     0x5c1b build/u8g2_buffer.o
 .debug_info    0x000183fc     0x5e1b build/u8g2_circle.o
 .debug_info    0x0001e217     0x72a9 build/u8g2_d_memory.o
 .debug_info    0x000254c0    0x1c7f2 build/u8g2_d_setup.o
 .debug_info    0x00041cb2     0x6935 build/u8g2_font.o
 .debug_info    0x000485e7     0x98f9 build/u8g2_fonts.o
 .debug_info    0x00051ee0     0x5312 build/u8g2_hvline.o
 .debug_info    0x000571f2     0x50f5 build/u8g2_intersection.o
 .debug_info    0x0005c2e7     0x5177 build/u8g2_ll_hvline.o
 .debug_info    0x0006145e     0x6113 build/u8g2_setup.o
 .debug_info    0x00067571     0x1136 build/u8x8_8x8.o
 .debug_info    0x000686a7     0x1a75 build/u8x8_byte.o
 .debug_info    0x0006a11c     0x1679 build/u8x8_cad.o
 .debug_info    0x0006b795      0x96d build/u8x8_d_pcd8544_84x48.o
 .debug_info    0x0006c102      0xc07 build/u8x8_display.o
 .debug_info    0x0006cd09      0x6c2 build/u8x8_gpio.o
 .debug_info    0x0006d3cb      0x823 build/u8x8_setup.o
 .debug_info    0x0006dbee       0x22 build/startup_stm32f103xb.o

.debug_abbrev   0x00000000     0x3cba
 .debug_abbrev  0x00000000      0x302 build/main.o
 .debug_abbrev  0x00000302      0x20e build/stm32f1xx_it.o
 .debug_abbrev  0x00000510      0x287 build/stm32f1xx_hal_msp.o
 .debug_abbrev  0x00000797      0x1ed build/stm32f1xx_hal.o
 .debug_abbrev  0x00000984      0x28e build/stm32f1xx_hal_rcc.o
 .debug_abbrev  0x00000c12      0x1c9 build/stm32f1xx_hal_rcc_ex.o
 .debug_abbrev  0x00000ddb      0x213 build/stm32f1xx_hal_gpio.o
 .debug_abbrev  0x00000fee      0x258 build/stm32f1xx_hal_dma.o
 .debug_abbrev  0x00001246      0x318 build/stm32f1xx_hal_cortex.o
 .debug_abbrev  0x0000155e      0x286 build/stm32f1xx_hal_spi.o
 .debug_abbrev  0x000017e4      0x32b build/stm32f1xx_hal_uart.o
 .debug_abbrev  0x00001b0f      0x133 build/system_stm32f1xx.o
 .debug_abbrev  0x00001c42      0x279 build/u8g2_buffer.o
 .debug_abbrev  0x00001ebb      0x23f build/u8g2_circle.o
 .debug_abbrev  0x000020fa      0x191 build/u8g2_d_memory.o
 .debug_abbrev  0x0000228b      0x1b5 build/u8g2_d_setup.o
 .debug_abbrev  0x00002440      0x334 build/u8g2_font.o
 .debug_abbrev  0x00002774      0x112 build/u8g2_fonts.o
 .debug_abbrev  0x00002886      0x1c8 build/u8g2_hvline.o
 .debug_abbrev  0x00002a4e      0x178 build/u8g2_intersection.o
 .debug_abbrev  0x00002bc6      0x16e build/u8g2_ll_hvline.o
 .debug_abbrev  0x00002d34      0x2af build/u8g2_setup.o
 .debug_abbrev  0x00002fe3      0x255 build/u8x8_8x8.o
 .debug_abbrev  0x00003238      0x252 build/u8x8_byte.o
 .debug_abbrev  0x0000348a      0x230 build/u8x8_cad.o
 .debug_abbrev  0x000036ba      0x16e build/u8x8_d_pcd8544_84x48.o
 .debug_abbrev  0x00003828      0x1c0 build/u8x8_display.o
 .debug_abbrev  0x000039e8      0x10b build/u8x8_gpio.o
 .debug_abbrev  0x00003af3      0x1b5 build/u8x8_setup.o
 .debug_abbrev  0x00003ca8       0x12 build/startup_stm32f103xb.o

.debug_loc      0x00000000    0x2fd74
 .debug_loc     0x00000000      0x35b build/main.o
 .debug_loc     0x0000035b       0x40 build/stm32f1xx_it.o
 .debug_loc     0x0000039b      0x235 build/stm32f1xx_hal_msp.o
 .debug_loc     0x000005d0      0x1bb build/stm32f1xx_hal.o
 .debug_loc     0x0000078b      0x610 build/stm32f1xx_hal_rcc.o
 .debug_loc     0x00000d9b      0x3fd build/stm32f1xx_hal_rcc_ex.o
 .debug_loc     0x00001198      0x4cb build/stm32f1xx_hal_gpio.o
 .debug_loc     0x00001663      0x8f6 build/stm32f1xx_hal_dma.o
 .debug_loc     0x00001f59      0x63d build/stm32f1xx_hal_cortex.o
 .debug_loc     0x00002596     0x21a7 build/stm32f1xx_hal_spi.o
 .debug_loc     0x0000473d     0x3864 build/stm32f1xx_hal_uart.o
 .debug_loc     0x00007fa1       0xdf build/system_stm32f1xx.o
 .debug_loc     0x00008080      0x337 build/u8g2_buffer.o
 .debug_loc     0x000083b7     0x13ee build/u8g2_circle.o
 .debug_loc     0x000097a5      0xfdb build/u8g2_d_memory.o
 .debug_loc     0x0000a780    0x1e3e1 build/u8g2_d_setup.o
 .debug_loc     0x00028b61     0x1bc6 build/u8g2_font.o
 .debug_loc     0x0002a727      0x662 build/u8g2_hvline.o
 .debug_loc     0x0002ad89      0x13f build/u8g2_intersection.o
 .debug_loc     0x0002aec8      0x3c0 build/u8g2_ll_hvline.o
 .debug_loc     0x0002b288      0xc85 build/u8g2_setup.o
 .debug_loc     0x0002bf0d      0xde6 build/u8x8_8x8.o
 .debug_loc     0x0002ccf3     0x1280 build/u8x8_byte.o
 .debug_loc     0x0002df73     0x140e build/u8x8_cad.o
 .debug_loc     0x0002f381      0x28a build/u8x8_d_pcd8544_84x48.o
 .debug_loc     0x0002f60b      0x4c1 build/u8x8_display.o
 .debug_loc     0x0002facc       0x83 build/u8x8_gpio.o
 .debug_loc     0x0002fb4f      0x225 build/u8x8_setup.o

.debug_aranges  0x00000000     0x2208
 .debug_aranges
                0x00000000       0x58 build/main.o
 .debug_aranges
                0x00000058       0x68 build/stm32f1xx_it.o
 .debug_aranges
                0x000000c0       0x50 build/stm32f1xx_hal_msp.o
 .debug_aranges
                0x00000110       0xe0 build/stm32f1xx_hal.o
 .debug_aranges
                0x000001f0       0x90 build/stm32f1xx_hal_rcc.o
 .debug_aranges
                0x00000280       0x30 build/stm32f1xx_hal_rcc_ex.o
 .debug_aranges
                0x000002b0       0x58 build/stm32f1xx_hal_gpio.o
 .debug_aranges
                0x00000308       0x80 build/stm32f1xx_hal_dma.o
 .debug_aranges
                0x00000388       0x90 build/stm32f1xx_hal_cortex.o
 .debug_aranges
                0x00000418      0x1d0 build/stm32f1xx_hal_spi.o
 .debug_aranges
                0x000005e8      0x208 build/stm32f1xx_hal_uart.o
 .debug_aranges
                0x000007f0       0x28 build/system_stm32f1xx.o
 .debug_aranges
                0x00000818       0x50 build/u8g2_buffer.o
 .debug_aranges
                0x00000868       0x78 build/u8g2_circle.o
 .debug_aranges
                0x000008e0      0x3f0 build/u8g2_d_memory.o
 .debug_aranges
                0x00000cd0      0xed0 build/u8g2_d_setup.o
 .debug_aranges
                0x00001ba0      0x198 build/u8g2_font.o
 .debug_aranges
                0x00001d38       0x18 build/u8g2_fonts.o
 .debug_aranges
                0x00001d50       0x50 build/u8g2_hvline.o
 .debug_aranges
                0x00001da0       0x28 build/u8g2_intersection.o
 .debug_aranges
                0x00001dc8       0x28 build/u8g2_ll_hvline.o
 .debug_aranges
                0x00001df0       0xb8 build/u8g2_setup.o
 .debug_aranges
                0x00001ea8       0xb8 build/u8x8_8x8.o
 .debug_aranges
                0x00001f60       0xe0 build/u8x8_byte.o
 .debug_aranges
                0x00002040       0xa8 build/u8x8_cad.o
 .debug_aranges
                0x000020e8       0x20 build/u8x8_d_pcd8544_84x48.o
 .debug_aranges
                0x00002108       0x80 build/u8x8_display.o
 .debug_aranges
                0x00002188       0x20 build/u8x8_gpio.o
 .debug_aranges
                0x000021a8       0x38 build/u8x8_setup.o
 .debug_aranges
                0x000021e0       0x28 build/startup_stm32f103xb.o

.debug_ranges   0x00000000     0x20f0
 .debug_ranges  0x00000000       0x48 build/main.o
 .debug_ranges  0x00000048       0x58 build/stm32f1xx_it.o
 .debug_ranges  0x000000a0       0x40 build/stm32f1xx_hal_msp.o
 .debug_ranges  0x000000e0       0xd0 build/stm32f1xx_hal.o
 .debug_ranges  0x000001b0       0xa0 build/stm32f1xx_hal_rcc.o
 .debug_ranges  0x00000250       0x38 build/stm32f1xx_hal_rcc_ex.o
 .debug_ranges  0x00000288       0x48 build/stm32f1xx_hal_gpio.o
 .debug_ranges  0x000002d0       0x70 build/stm32f1xx_hal_dma.o
 .debug_ranges  0x00000340       0xe0 build/stm32f1xx_hal_cortex.o
 .debug_ranges  0x00000420      0x1c0 build/stm32f1xx_hal_spi.o
 .debug_ranges  0x000005e0      0x210 build/stm32f1xx_hal_uart.o
 .debug_ranges  0x000007f0       0x18 build/system_stm32f1xx.o
 .debug_ranges  0x00000808       0x40 build/u8g2_buffer.o
 .debug_ranges  0x00000848       0x68 build/u8g2_circle.o
 .debug_ranges  0x000008b0      0x3e0 build/u8g2_d_memory.o
 .debug_ranges  0x00000c90      0xec0 build/u8g2_d_setup.o
 .debug_ranges  0x00001b50      0x1a0 build/u8g2_font.o
 .debug_ranges  0x00001cf0       0x40 build/u8g2_hvline.o
 .debug_ranges  0x00001d30       0x18 build/u8g2_intersection.o
 .debug_ranges  0x00001d48       0x18 build/u8g2_ll_hvline.o
 .debug_ranges  0x00001d60       0xa8 build/u8g2_setup.o
 .debug_ranges  0x00001e08       0xa8 build/u8x8_8x8.o
 .debug_ranges  0x00001eb0       0xd0 build/u8x8_byte.o
 .debug_ranges  0x00001f80       0x98 build/u8x8_cad.o
 .debug_ranges  0x00002018       0x10 build/u8x8_d_pcd8544_84x48.o
 .debug_ranges  0x00002028       0x70 build/u8x8_display.o
 .debug_ranges  0x00002098       0x10 build/u8x8_gpio.o
 .debug_ranges  0x000020a8       0x28 build/u8x8_setup.o
 .debug_ranges  0x000020d0       0x20 build/startup_stm32f103xb.o

.debug_line     0x00000000     0xa449
 .debug_line    0x00000000      0x4d0 build/main.o
 .debug_line    0x000004d0      0x390 build/stm32f1xx_it.o
 .debug_line    0x00000860      0x42e build/stm32f1xx_hal_msp.o
 .debug_line    0x00000c8e      0x3dd build/stm32f1xx_hal.o
 .debug_line    0x0000106b      0x520 build/stm32f1xx_hal_rcc.o
 .debug_line    0x0000158b      0x2ec build/stm32f1xx_hal_rcc_ex.o
 .debug_line    0x00001877      0x3ac build/stm32f1xx_hal_gpio.o
 .debug_line    0x00001c23      0x595 build/stm32f1xx_hal_dma.o
 .debug_line    0x000021b8      0x3ca build/stm32f1xx_hal_cortex.o
 .debug_line    0x00002582      0xc8e build/stm32f1xx_hal_spi.o
 .debug_line    0x00003210     0x1650 build/stm32f1xx_hal_uart.o
 .debug_line    0x00004860      0x211 build/system_stm32f1xx.o
 .debug_line    0x00004a71      0x29b build/u8g2_buffer.o
 .debug_line    0x00004d0c      0x2e8 build/u8g2_circle.o
 .debug_line    0x00004ff4      0x9cf build/u8g2_d_memory.o
 .debug_line    0x000059c3     0x2611 build/u8g2_d_setup.o
 .debug_line    0x00007fd4      0x6cc build/u8g2_font.o
 .debug_line    0x000086a0      0x132 build/u8g2_fonts.o
 .debug_line    0x000087d2      0x20b build/u8g2_hvline.o
 .debug_line    0x000089dd      0x18c build/u8g2_intersection.o
 .debug_line    0x00008b69      0x1ca build/u8g2_ll_hvline.o
 .debug_line    0x00008d33      0x3c2 build/u8g2_setup.o
 .debug_line    0x000090f5      0x393 build/u8x8_8x8.o
 .debug_line    0x00009488      0x4e4 build/u8x8_byte.o
 .debug_line    0x0000996c      0x3ef build/u8x8_cad.o
 .debug_line    0x00009d5b      0x182 build/u8x8_d_pcd8544_84x48.o
 .debug_line    0x00009edd      0x23a build/u8x8_display.o
 .debug_line    0x0000a117      0x138 build/u8x8_gpio.o
 .debug_line    0x0000a24f      0x186 build/u8x8_setup.o
 .debug_line    0x0000a3d5       0x74 build/startup_stm32f103xb.o

.debug_str      0x00000000     0xfb27
 .debug_str     0x00000000     0x8ba5 build/main.o
                               0x8d1e (size before relaxing)
 .debug_str     0x00008ba5       0xda build/stm32f1xx_it.o
                                0xb5b (size before relaxing)
 .debug_str     0x00008c7f      0x413 build/stm32f1xx_hal_msp.o
                               0x11c5 (size before relaxing)
 .debug_str     0x00009092      0x26a build/stm32f1xx_hal.o
                                0x85a (size before relaxing)
 .debug_str     0x000092fc      0x1e2 build/stm32f1xx_hal_rcc.o
                                0x6a9 (size before relaxing)
 .debug_str     0x000094de       0x9c build/stm32f1xx_hal_rcc_ex.o
                                0x488 (size before relaxing)
 .debug_str     0x0000957a      0x104 build/stm32f1xx_hal_gpio.o
                                0x4c7 (size before relaxing)
 .debug_str     0x0000967e      0x23c build/stm32f1xx_hal_dma.o
                                0x6c4 (size before relaxing)
 .debug_str     0x000098ba      0x391 build/stm32f1xx_hal_cortex.o
                                0x976 (size before relaxing)
 .debug_str     0x00009c4b      0x50f build/stm32f1xx_hal_spi.o
                                0xc0c (size before relaxing)
 .debug_str     0x0000a15a      0x5f0 build/stm32f1xx_hal_uart.o
                                0xda9 (size before relaxing)
 .debug_str     0x0000a74a       0x4f build/system_stm32f1xx.o
                                0x2dd (size before relaxing)
 .debug_str     0x0000a799       0xee build/u8g2_buffer.o
                               0x8228 (size before relaxing)
 .debug_str     0x0000a887      0x18c build/u8g2_circle.o
                               0x7ed2 (size before relaxing)
 .debug_str     0x0000aa13      0x701 build/u8g2_d_memory.o
                               0x842a (size before relaxing)
 .debug_str     0x0000b114     0x3a85 build/u8g2_d_setup.o
                               0xbeac (size before relaxing)
 .debug_str     0x0000eb99      0x54a build/u8g2_font.o
                               0x82ea (size before relaxing)
 .debug_str     0x0000f0e3       0x17 build/u8g2_fonts.o
                               0x7d40 (size before relaxing)
 .debug_str     0x0000f0fa       0x68 build/u8g2_hvline.o
                               0x7dca (size before relaxing)
 .debug_str     0x0000f162       0x41 build/u8g2_intersection.o
                               0x7d83 (size before relaxing)
 .debug_str     0x0000f1a3       0x68 build/u8g2_ll_hvline.o
                               0x7db2 (size before relaxing)
 .debug_str     0x0000f20b      0x1c5 build/u8g2_setup.o
                               0x8349 (size before relaxing)
 .debug_str     0x0000f3d0      0x17a build/u8x8_8x8.o
                                0xae0 (size before relaxing)
 .debug_str     0x0000f54a      0x1f9 build/u8x8_byte.o
                                0xb59 (size before relaxing)
 .debug_str     0x0000f743      0x178 build/u8x8_cad.o
                                0xb39 (size before relaxing)
 .debug_str     0x0000f8bb      0x12c build/u8x8_d_pcd8544_84x48.o
                                0xad9 (size before relaxing)
 .debug_str     0x0000f9e7       0xa7 build/u8x8_display.o
                                0xab3 (size before relaxing)
 .debug_str     0x0000fa8e       0x16 build/u8x8_gpio.o
                                0x95d (size before relaxing)
 .debug_str     0x0000faa4       0x5e build/u8x8_setup.o
                                0xa00 (size before relaxing)
 .debug_str     0x0000fb02       0x25 build/startup_stm32f103xb.o
                                 0x56 (size before relaxing)

.comment        0x00000000       0x7e
 .comment       0x00000000       0x7e build/main.o
                                 0x7f (size before relaxing)
 .comment       0x0000007e       0x7f build/stm32f1xx_it.o
 .comment       0x0000007e       0x7f build/stm32f1xx_hal_msp.o
 .comment       0x0000007e       0x7f build/stm32f1xx_hal.o
 .comment       0x0000007e       0x7f build/stm32f1xx_hal_rcc.o
 .comment       0x0000007e       0x7f build/stm32f1xx_hal_rcc_ex.o
 .comment       0x0000007e       0x7f build/stm32f1xx_hal_gpio.o
 .comment       0x0000007e       0x7f build/stm32f1xx_hal_dma.o
 .comment       0x0000007e       0x7f build/stm32f1xx_hal_cortex.o
 .comment       0x0000007e       0x7f build/stm32f1xx_hal_spi.o
 .comment       0x0000007e       0x7f build/stm32f1xx_hal_uart.o
 .comment       0x0000007e       0x7f build/system_stm32f1xx.o
 .comment       0x0000007e       0x7f build/u8g2_buffer.o
 .comment       0x0000007e       0x7f build/u8g2_circle.o
 .comment       0x0000007e       0x7f build/u8g2_d_memory.o
 .comment       0x0000007e       0x7f build/u8g2_d_setup.o
 .comment       0x0000007e       0x7f build/u8g2_font.o
 .comment       0x0000007e       0x7f build/u8g2_fonts.o
 .comment       0x0000007e       0x7f build/u8g2_hvline.o
 .comment       0x0000007e       0x7f build/u8g2_intersection.o
 .comment       0x0000007e       0x7f build/u8g2_ll_hvline.o
 .comment       0x0000007e       0x7f build/u8g2_setup.o
 .comment       0x0000007e       0x7f build/u8x8_8x8.o
 .comment       0x0000007e       0x7f build/u8x8_byte.o
 .comment       0x0000007e       0x7f build/u8x8_cad.o
 .comment       0x0000007e       0x7f build/u8x8_d_pcd8544_84x48.o
 .comment       0x0000007e       0x7f build/u8x8_display.o
 .comment       0x0000007e       0x7f build/u8x8_gpio.o
 .comment       0x0000007e       0x7f build/u8x8_setup.o

.debug_frame    0x00000000     0x7874
 .debug_frame   0x00000000       0xf8 build/main.o
 .debug_frame   0x000000f8       0xc8 build/stm32f1xx_it.o
 .debug_frame   0x000001c0       0xd8 build/stm32f1xx_hal_msp.o
 .debug_frame   0x00000298      0x1e0 build/stm32f1xx_hal.o
 .debug_frame   0x00000478      0x1b4 build/stm32f1xx_hal_rcc.o
 .debug_frame   0x0000062c       0x68 build/stm32f1xx_hal_rcc_ex.o
 .debug_frame   0x00000694      0x104 build/stm32f1xx_hal_gpio.o
 .debug_frame   0x00000798      0x168 build/stm32f1xx_hal_dma.o
 .debug_frame   0x00000900      0x13c build/stm32f1xx_hal_cortex.o
 .debug_frame   0x00000a3c      0x628 build/stm32f1xx_hal_spi.o
 .debug_frame   0x00001064      0x670 build/stm32f1xx_hal_uart.o
 .debug_frame   0x000016d4       0x30 build/system_stm32f1xx.o
 .debug_frame   0x00001704       0xe8 build/u8g2_buffer.o
 .debug_frame   0x000017ec      0x260 build/u8g2_circle.o
 .debug_frame   0x00001a4c      0x7c0 build/u8g2_d_memory.o
 .debug_frame   0x0000220c     0x424c build/u8g2_d_setup.o
 .debug_frame   0x00006458      0x53c build/u8g2_font.o
 .debug_frame   0x00006994       0xf0 build/u8g2_hvline.o
 .debug_frame   0x00006a84       0x40 build/u8g2_intersection.o
 .debug_frame   0x00006ac4       0x60 build/u8g2_ll_hvline.o
 .debug_frame   0x00006b24      0x290 build/u8g2_setup.o
 .debug_frame   0x00006db4      0x25c build/u8x8_8x8.o
 .debug_frame   0x00007010      0x31c build/u8x8_byte.o
 .debug_frame   0x0000732c      0x298 build/u8x8_cad.o
 .debug_frame   0x000075c4       0x38 build/u8x8_d_pcd8544_84x48.o
 .debug_frame   0x000075fc      0x18c build/u8x8_display.o
 .debug_frame   0x00007788       0x2c build/u8x8_gpio.o
 .debug_frame   0x000077b4       0x74 build/u8x8_setup.o
 .debug_frame   0x00007828       0x2c c:/program files (x86)/gnu_tools_arm_embedded/7_2017-q4-major/bin/../lib/gcc/arm-none-eabi/7.2.1/../../../../arm-none-eabi/lib/thumb/v7-m\libc_nano.a(lib_a-init.o)
 .debug_frame   0x00007854       0x20 c:/program files (x86)/gnu_tools_arm_embedded/7_2017-q4-major/bin/../lib/gcc/arm-none-eabi/7.2.1/../../../../arm-none-eabi/lib/thumb/v7-m\libc_nano.a(lib_a-memset.o)

Cross Reference Table

Symbol                                            File
ADC1_2_IRQHandler                                 build/startup_stm32f103xb.o
AHBPrescTable                                     build/system_stm32f1xx.o
                                                  build/stm32f1xx_hal_rcc.o
APBPrescTable                                     build/system_stm32f1xx.o
                                                  build/stm32f1xx_hal_rcc.o
BusFault_Handler                                  build/stm32f1xx_it.o
CAN1_RX1_IRQHandler                               build/startup_stm32f103xb.o
CAN1_SCE_IRQHandler                               build/startup_stm32f103xb.o
DMA1_Channel1_IRQHandler                          build/startup_stm32f103xb.o
DMA1_Channel2_IRQHandler                          build/startup_stm32f103xb.o
DMA1_Channel3_IRQHandler                          build/startup_stm32f103xb.o
DMA1_Channel4_IRQHandler                          build/startup_stm32f103xb.o
DMA1_Channel5_IRQHandler                          build/startup_stm32f103xb.o
DMA1_Channel6_IRQHandler                          build/startup_stm32f103xb.o
DMA1_Channel7_IRQHandler                          build/startup_stm32f103xb.o
DebugMon_Handler                                  build/stm32f1xx_it.o
Default_Handler                                   build/startup_stm32f103xb.o
EXTI0_IRQHandler                                  build/startup_stm32f103xb.o
EXTI15_10_IRQHandler                              build/startup_stm32f103xb.o
EXTI1_IRQHandler                                  build/startup_stm32f103xb.o
EXTI2_IRQHandler                                  build/startup_stm32f103xb.o
EXTI3_IRQHandler                                  build/startup_stm32f103xb.o
EXTI4_IRQHandler                                  build/startup_stm32f103xb.o
EXTI9_5_IRQHandler                                build/startup_stm32f103xb.o
Error_Handler                                     build/main.o
FLASH_IRQHandler                                  build/startup_stm32f103xb.o
FLASH_PageErase                                   build/stm32f1xx_hal_flash_ex.o
                                                  build/stm32f1xx_hal_flash.o
FLASH_WaitForLastOperation                        build/stm32f1xx_hal_flash.o
                                                  build/stm32f1xx_hal_flash_ex.o
HAL_DBGMCU_DisableDBGSleepMode                    build/stm32f1xx_hal.o
HAL_DBGMCU_DisableDBGStandbyMode                  build/stm32f1xx_hal.o
HAL_DBGMCU_DisableDBGStopMode                     build/stm32f1xx_hal.o
HAL_DBGMCU_EnableDBGSleepMode                     build/stm32f1xx_hal.o
HAL_DBGMCU_EnableDBGStandbyMode                   build/stm32f1xx_hal.o
HAL_DBGMCU_EnableDBGStopMode                      build/stm32f1xx_hal.o
HAL_DMA_Abort                                     build/stm32f1xx_hal_dma.o
                                                  build/stm32f1xx_hal_uart.o
                                                  build/stm32f1xx_hal_spi.o
HAL_DMA_Abort_IT                                  build/stm32f1xx_hal_dma.o
                                                  build/stm32f1xx_hal_uart.o
                                                  build/stm32f1xx_hal_spi.o
HAL_DMA_DeInit                                    build/stm32f1xx_hal_dma.o
HAL_DMA_GetError                                  build/stm32f1xx_hal_dma.o
                                                  build/stm32f1xx_hal_uart.o
HAL_DMA_GetState                                  build/stm32f1xx_hal_dma.o
HAL_DMA_IRQHandler                                build/stm32f1xx_hal_dma.o
HAL_DMA_Init                                      build/stm32f1xx_hal_dma.o
HAL_DMA_PollForTransfer                           build/stm32f1xx_hal_dma.o
HAL_DMA_RegisterCallback                          build/stm32f1xx_hal_dma.o
HAL_DMA_Start                                     build/stm32f1xx_hal_dma.o
HAL_DMA_Start_IT                                  build/stm32f1xx_hal_dma.o
                                                  build/stm32f1xx_hal_uart.o
                                                  build/stm32f1xx_hal_spi.o
HAL_DMA_UnRegisterCallback                        build/stm32f1xx_hal_dma.o
HAL_DeInit                                        build/stm32f1xx_hal.o
HAL_Delay                                         build/stm32f1xx_hal.o
                                                  build/main.o
HAL_EXTI_ClearConfigLine                          build/stm32f1xx_hal_exti.o
HAL_EXTI_ClearPending                             build/stm32f1xx_hal_exti.o
HAL_EXTI_GenerateSWI                              build/stm32f1xx_hal_exti.o
HAL_EXTI_GetConfigLine                            build/stm32f1xx_hal_exti.o
HAL_EXTI_GetHandle                                build/stm32f1xx_hal_exti.o
HAL_EXTI_GetPending                               build/stm32f1xx_hal_exti.o
HAL_EXTI_IRQHandler                               build/stm32f1xx_hal_exti.o
HAL_EXTI_RegisterCallback                         build/stm32f1xx_hal_exti.o
HAL_EXTI_SetConfigLine                            build/stm32f1xx_hal_exti.o
HAL_FLASHEx_Erase                                 build/stm32f1xx_hal_flash_ex.o
HAL_FLASHEx_Erase_IT                              build/stm32f1xx_hal_flash_ex.o
HAL_FLASHEx_OBErase                               build/stm32f1xx_hal_flash_ex.o
HAL_FLASHEx_OBGetConfig                           build/stm32f1xx_hal_flash_ex.o
HAL_FLASHEx_OBGetUserData                         build/stm32f1xx_hal_flash_ex.o
HAL_FLASHEx_OBProgram                             build/stm32f1xx_hal_flash_ex.o
HAL_FLASH_EndOfOperationCallback                  build/stm32f1xx_hal_flash.o
HAL_FLASH_GetError                                build/stm32f1xx_hal_flash.o
HAL_FLASH_IRQHandler                              build/stm32f1xx_hal_flash.o
HAL_FLASH_Lock                                    build/stm32f1xx_hal_flash.o
HAL_FLASH_OB_Launch                               build/stm32f1xx_hal_flash.o
HAL_FLASH_OB_Lock                                 build/stm32f1xx_hal_flash.o
HAL_FLASH_OB_Unlock                               build/stm32f1xx_hal_flash.o
HAL_FLASH_OperationErrorCallback                  build/stm32f1xx_hal_flash.o
HAL_FLASH_Program                                 build/stm32f1xx_hal_flash.o
HAL_FLASH_Program_IT                              build/stm32f1xx_hal_flash.o
HAL_FLASH_Unlock                                  build/stm32f1xx_hal_flash.o
HAL_GPIOEx_ConfigEventout                         build/stm32f1xx_hal_gpio_ex.o
HAL_GPIOEx_DisableEventout                        build/stm32f1xx_hal_gpio_ex.o
HAL_GPIOEx_EnableEventout                         build/stm32f1xx_hal_gpio_ex.o
HAL_GPIO_DeInit                                   build/stm32f1xx_hal_gpio.o
                                                  build/stm32f1xx_hal_msp.o
HAL_GPIO_EXTI_Callback                            build/stm32f1xx_hal_gpio.o
HAL_GPIO_EXTI_IRQHandler                          build/stm32f1xx_hal_gpio.o
HAL_GPIO_Init                                     build/stm32f1xx_hal_gpio.o
                                                  build/stm32f1xx_hal_rcc.o
                                                  build/stm32f1xx_hal_msp.o
                                                  build/main.o
HAL_GPIO_LockPin                                  build/stm32f1xx_hal_gpio.o
HAL_GPIO_ReadPin                                  build/stm32f1xx_hal_gpio.o
HAL_GPIO_TogglePin                                build/stm32f1xx_hal_gpio.o
                                                  build/main.o
HAL_GPIO_WritePin                                 build/stm32f1xx_hal_gpio.o
                                                  build/main.o
HAL_GetDEVID                                      build/stm32f1xx_hal.o
HAL_GetHalVersion                                 build/stm32f1xx_hal.o
HAL_GetREVID                                      build/stm32f1xx_hal.o
HAL_GetTick                                       build/stm32f1xx_hal.o
                                                  build/stm32f1xx_hal_uart.o
                                                  build/stm32f1xx_hal_spi.o
                                                  build/stm32f1xx_hal_flash.o
                                                  build/stm32f1xx_hal_dma.o
                                                  build/stm32f1xx_hal_rcc_ex.o
                                                  build/stm32f1xx_hal_rcc.o
                                                  build/stm32f1xx_hal_rtc_ex.o
                                                  build/stm32f1xx_hal_rtc.o
                                                  build/main.o
HAL_GetTickFreq                                   build/stm32f1xx_hal.o
HAL_GetTickPrio                                   build/stm32f1xx_hal.o
HAL_GetUIDw0                                      build/stm32f1xx_hal.o
HAL_GetUIDw1                                      build/stm32f1xx_hal.o
HAL_GetUIDw2                                      build/stm32f1xx_hal.o
HAL_HalfDuplex_EnableReceiver                     build/stm32f1xx_hal_uart.o
HAL_HalfDuplex_EnableTransmitter                  build/stm32f1xx_hal_uart.o
HAL_HalfDuplex_Init                               build/stm32f1xx_hal_uart.o
HAL_IncTick                                       build/stm32f1xx_hal.o
                                                  build/stm32f1xx_it.o
HAL_Init                                          build/stm32f1xx_hal.o
                                                  build/main.o
HAL_InitTick                                      build/stm32f1xx_hal.o
                                                  build/stm32f1xx_hal_rcc.o
HAL_LIN_Init                                      build/stm32f1xx_hal_uart.o
HAL_LIN_SendBreak                                 build/stm32f1xx_hal_uart.o
HAL_MspDeInit                                     build/stm32f1xx_hal.o
HAL_MspInit                                       build/stm32f1xx_hal_msp.o
HAL_MultiProcessor_EnterMuteMode                  build/stm32f1xx_hal_uart.o
HAL_MultiProcessor_ExitMuteMode                   build/stm32f1xx_hal_uart.o
HAL_MultiProcessor_Init                           build/stm32f1xx_hal_uart.o
HAL_NVIC_ClearPendingIRQ                          build/stm32f1xx_hal_cortex.o
HAL_NVIC_DisableIRQ                               build/stm32f1xx_hal_cortex.o
                                                  build/stm32f1xx_hal_msp.o
HAL_NVIC_EnableIRQ                                build/stm32f1xx_hal_cortex.o
                                                  build/stm32f1xx_hal_msp.o
HAL_NVIC_GetActive                                build/stm32f1xx_hal_cortex.o
HAL_NVIC_GetPendingIRQ                            build/stm32f1xx_hal_cortex.o
HAL_NVIC_GetPriority                              build/stm32f1xx_hal_cortex.o
HAL_NVIC_GetPriorityGrouping                      build/stm32f1xx_hal_cortex.o
HAL_NVIC_SetPendingIRQ                            build/stm32f1xx_hal_cortex.o
HAL_NVIC_SetPriority                              build/stm32f1xx_hal_cortex.o
                                                  build/stm32f1xx_hal.o
                                                  build/stm32f1xx_hal_msp.o
HAL_NVIC_SetPriorityGrouping                      build/stm32f1xx_hal_cortex.o
                                                  build/stm32f1xx_hal.o
HAL_NVIC_SystemReset                              build/stm32f1xx_hal_cortex.o
                                                  build/stm32f1xx_hal_flash.o
HAL_PWR_ConfigPVD                                 build/stm32f1xx_hal_pwr.o
HAL_PWR_DeInit                                    build/stm32f1xx_hal_pwr.o
HAL_PWR_DisableBkUpAccess                         build/stm32f1xx_hal_pwr.o
HAL_PWR_DisablePVD                                build/stm32f1xx_hal_pwr.o
HAL_PWR_DisableSEVOnPend                          build/stm32f1xx_hal_pwr.o
HAL_PWR_DisableSleepOnExit                        build/stm32f1xx_hal_pwr.o
HAL_PWR_DisableWakeUpPin                          build/stm32f1xx_hal_pwr.o
HAL_PWR_EnableBkUpAccess                          build/stm32f1xx_hal_pwr.o
                                                  build/stm32f1xx_hal_msp.o
HAL_PWR_EnablePVD                                 build/stm32f1xx_hal_pwr.o
HAL_PWR_EnableSEVOnPend                           build/stm32f1xx_hal_pwr.o
HAL_PWR_EnableSleepOnExit                         build/stm32f1xx_hal_pwr.o
HAL_PWR_EnableWakeUpPin                           build/stm32f1xx_hal_pwr.o
HAL_PWR_EnterSLEEPMode                            build/stm32f1xx_hal_pwr.o
HAL_PWR_EnterSTANDBYMode                          build/stm32f1xx_hal_pwr.o
HAL_PWR_EnterSTOPMode                             build/stm32f1xx_hal_pwr.o
HAL_PWR_PVDCallback                               build/stm32f1xx_hal_pwr.o
HAL_PWR_PVD_IRQHandler                            build/stm32f1xx_hal_pwr.o
HAL_RCCEx_GetPeriphCLKConfig                      build/stm32f1xx_hal_rcc_ex.o
HAL_RCCEx_GetPeriphCLKFreq                        build/stm32f1xx_hal_rcc_ex.o
                                                  build/stm32f1xx_hal_rtc.o
HAL_RCCEx_PeriphCLKConfig                         build/stm32f1xx_hal_rcc_ex.o
                                                  build/main.o
HAL_RCC_CSSCallback                               build/stm32f1xx_hal_rcc.o
HAL_RCC_ClockConfig                               build/stm32f1xx_hal_rcc.o
                                                  build/main.o
HAL_RCC_DeInit                                    build/stm32f1xx_hal_rcc.o
HAL_RCC_DisableCSS                                build/stm32f1xx_hal_rcc.o
HAL_RCC_EnableCSS                                 build/stm32f1xx_hal_rcc.o
HAL_RCC_GetClockConfig                            build/stm32f1xx_hal_rcc.o
HAL_RCC_GetHCLKFreq                               build/stm32f1xx_hal_rcc.o
HAL_RCC_GetOscConfig                              build/stm32f1xx_hal_rcc.o
HAL_RCC_GetPCLK1Freq                              build/stm32f1xx_hal_rcc.o
                                                  build/stm32f1xx_hal_uart.o
HAL_RCC_GetPCLK2Freq                              build/stm32f1xx_hal_rcc.o
                                                  build/stm32f1xx_hal_uart.o
                                                  build/stm32f1xx_hal_rcc_ex.o
HAL_RCC_GetSysClockFreq                           build/stm32f1xx_hal_rcc.o
HAL_RCC_MCOConfig                                 build/stm32f1xx_hal_rcc.o
HAL_RCC_NMI_IRQHandler                            build/stm32f1xx_hal_rcc.o
HAL_RCC_OscConfig                                 build/stm32f1xx_hal_rcc.o
                                                  build/main.o
HAL_RTCEx_BKUPRead                                build/stm32f1xx_hal_rtc_ex.o
HAL_RTCEx_BKUPWrite                               build/stm32f1xx_hal_rtc_ex.o
HAL_RTCEx_DeactivateSecond                        build/stm32f1xx_hal_rtc_ex.o
HAL_RTCEx_DeactivateTamper                        build/stm32f1xx_hal_rtc_ex.o
HAL_RTCEx_PollForTamper1Event                     build/stm32f1xx_hal_rtc_ex.o
HAL_RTCEx_RTCEventCallback                        build/stm32f1xx_hal_rtc_ex.o
HAL_RTCEx_RTCEventErrorCallback                   build/stm32f1xx_hal_rtc_ex.o
HAL_RTCEx_RTCIRQHandler                           build/stm32f1xx_hal_rtc_ex.o
HAL_RTCEx_SetSecond_IT                            build/stm32f1xx_hal_rtc_ex.o
HAL_RTCEx_SetSmoothCalib                          build/stm32f1xx_hal_rtc_ex.o
HAL_RTCEx_SetTamper                               build/stm32f1xx_hal_rtc_ex.o
HAL_RTCEx_SetTamper_IT                            build/stm32f1xx_hal_rtc_ex.o
HAL_RTCEx_Tamper1EventCallback                    build/stm32f1xx_hal_rtc_ex.o
HAL_RTCEx_TamperIRQHandler                        build/stm32f1xx_hal_rtc_ex.o
HAL_RTC_AlarmAEventCallback                       build/stm32f1xx_hal_rtc.o
HAL_RTC_AlarmIRQHandler                           build/stm32f1xx_hal_rtc.o
HAL_RTC_DeInit                                    build/stm32f1xx_hal_rtc.o
HAL_RTC_DeactivateAlarm                           build/stm32f1xx_hal_rtc.o
HAL_RTC_GetAlarm                                  build/stm32f1xx_hal_rtc.o
HAL_RTC_GetDate                                   build/stm32f1xx_hal_rtc.o
HAL_RTC_GetState                                  build/stm32f1xx_hal_rtc.o
HAL_RTC_GetTime                                   build/stm32f1xx_hal_rtc.o
HAL_RTC_Init                                      build/stm32f1xx_hal_rtc.o
HAL_RTC_MspDeInit                                 build/stm32f1xx_hal_msp.o
HAL_RTC_MspInit                                   build/stm32f1xx_hal_msp.o
HAL_RTC_PollForAlarmAEvent                        build/stm32f1xx_hal_rtc.o
HAL_RTC_SetAlarm                                  build/stm32f1xx_hal_rtc.o
HAL_RTC_SetAlarm_IT                               build/stm32f1xx_hal_rtc.o
HAL_RTC_SetDate                                   build/stm32f1xx_hal_rtc.o
HAL_RTC_SetTime                                   build/stm32f1xx_hal_rtc.o
HAL_RTC_WaitForSynchro                            build/stm32f1xx_hal_rtc.o
HAL_ResumeTick                                    build/stm32f1xx_hal.o
HAL_SPI_Abort                                     build/stm32f1xx_hal_spi.o
HAL_SPI_AbortCpltCallback                         build/stm32f1xx_hal_spi.o
HAL_SPI_Abort_IT                                  build/stm32f1xx_hal_spi.o
HAL_SPI_DMAPause                                  build/stm32f1xx_hal_spi.o
HAL_SPI_DMAResume                                 build/stm32f1xx_hal_spi.o
HAL_SPI_DMAStop                                   build/stm32f1xx_hal_spi.o
HAL_SPI_DeInit                                    build/stm32f1xx_hal_spi.o
HAL_SPI_ErrorCallback                             build/stm32f1xx_hal_spi.o
HAL_SPI_GetError                                  build/stm32f1xx_hal_spi.o
HAL_SPI_GetState                                  build/stm32f1xx_hal_spi.o
HAL_SPI_IRQHandler                                build/stm32f1xx_hal_spi.o
HAL_SPI_Init                                      build/stm32f1xx_hal_spi.o
                                                  build/main.o
HAL_SPI_MspDeInit                                 build/stm32f1xx_hal_msp.o
HAL_SPI_MspInit                                   build/stm32f1xx_hal_msp.o
HAL_SPI_Receive                                   build/stm32f1xx_hal_spi.o
HAL_SPI_Receive_DMA                               build/stm32f1xx_hal_spi.o
HAL_SPI_Receive_IT                                build/stm32f1xx_hal_spi.o
HAL_SPI_RxCpltCallback                            build/stm32f1xx_hal_spi.o
HAL_SPI_RxHalfCpltCallback                        build/stm32f1xx_hal_spi.o
HAL_SPI_Transmit                                  build/stm32f1xx_hal_spi.o
                                                  build/main.o
HAL_SPI_TransmitReceive                           build/stm32f1xx_hal_spi.o
HAL_SPI_TransmitReceive_DMA                       build/stm32f1xx_hal_spi.o
HAL_SPI_TransmitReceive_IT                        build/stm32f1xx_hal_spi.o
HAL_SPI_Transmit_DMA                              build/stm32f1xx_hal_spi.o
HAL_SPI_Transmit_IT                               build/stm32f1xx_hal_spi.o
HAL_SPI_TxCpltCallback                            build/stm32f1xx_hal_spi.o
HAL_SPI_TxHalfCpltCallback                        build/stm32f1xx_hal_spi.o
HAL_SPI_TxRxCpltCallback                          build/stm32f1xx_hal_spi.o
HAL_SPI_TxRxHalfCpltCallback                      build/stm32f1xx_hal_spi.o
HAL_SYSTICK_CLKSourceConfig                       build/stm32f1xx_hal_cortex.o
HAL_SYSTICK_Callback                              build/stm32f1xx_hal_cortex.o
HAL_SYSTICK_Config                                build/stm32f1xx_hal_cortex.o
                                                  build/stm32f1xx_hal.o
HAL_SYSTICK_IRQHandler                            build/stm32f1xx_hal_cortex.o
HAL_SetTickFreq                                   build/stm32f1xx_hal.o
HAL_SuspendTick                                   build/stm32f1xx_hal.o
HAL_UARTEx_GetRxEventType                         build/stm32f1xx_hal_uart.o
HAL_UARTEx_ReceiveToIdle                          build/stm32f1xx_hal_uart.o
HAL_UARTEx_ReceiveToIdle_DMA                      build/stm32f1xx_hal_uart.o
HAL_UARTEx_ReceiveToIdle_IT                       build/stm32f1xx_hal_uart.o
HAL_UARTEx_RxEventCallback                        build/stm32f1xx_hal_uart.o
HAL_UART_Abort                                    build/stm32f1xx_hal_uart.o
HAL_UART_AbortCpltCallback                        build/stm32f1xx_hal_uart.o
HAL_UART_AbortReceive                             build/stm32f1xx_hal_uart.o
HAL_UART_AbortReceiveCpltCallback                 build/stm32f1xx_hal_uart.o
HAL_UART_AbortReceive_IT                          build/stm32f1xx_hal_uart.o
HAL_UART_AbortTransmit                            build/stm32f1xx_hal_uart.o
HAL_UART_AbortTransmitCpltCallback                build/stm32f1xx_hal_uart.o
HAL_UART_AbortTransmit_IT                         build/stm32f1xx_hal_uart.o
HAL_UART_Abort_IT                                 build/stm32f1xx_hal_uart.o
HAL_UART_DMAPause                                 build/stm32f1xx_hal_uart.o
HAL_UART_DMAResume                                build/stm32f1xx_hal_uart.o
HAL_UART_DMAStop                                  build/stm32f1xx_hal_uart.o
HAL_UART_DeInit                                   build/stm32f1xx_hal_uart.o
HAL_UART_ErrorCallback                            build/stm32f1xx_hal_uart.o
HAL_UART_GetError                                 build/stm32f1xx_hal_uart.o
HAL_UART_GetState                                 build/stm32f1xx_hal_uart.o
HAL_UART_IRQHandler                               build/stm32f1xx_hal_uart.o
                                                  build/stm32f1xx_it.o
HAL_UART_Init                                     build/stm32f1xx_hal_uart.o
                                                  build/main.o
HAL_UART_MspDeInit                                build/stm32f1xx_hal_msp.o
HAL_UART_MspInit                                  build/stm32f1xx_hal_msp.o
HAL_UART_Receive                                  build/stm32f1xx_hal_uart.o
HAL_UART_Receive_DMA                              build/stm32f1xx_hal_uart.o
HAL_UART_Receive_IT                               build/stm32f1xx_hal_uart.o
HAL_UART_RxCpltCallback                           build/stm32f1xx_hal_uart.o
HAL_UART_RxHalfCpltCallback                       build/stm32f1xx_hal_uart.o
HAL_UART_Transmit                                 build/stm32f1xx_hal_uart.o
HAL_UART_Transmit_DMA                             build/stm32f1xx_hal_uart.o
HAL_UART_Transmit_IT                              build/stm32f1xx_hal_uart.o
HAL_UART_TxCpltCallback                           build/stm32f1xx_hal_uart.o
HAL_UART_TxHalfCpltCallback                       build/stm32f1xx_hal_uart.o
HardFault_Handler                                 build/stm32f1xx_it.o
I2C1_ER_IRQHandler                                build/startup_stm32f103xb.o
I2C1_EV_IRQHandler                                build/startup_stm32f103xb.o
I2C2_ER_IRQHandler                                build/startup_stm32f103xb.o
I2C2_EV_IRQHandler                                build/startup_stm32f103xb.o
MemManage_Handler                                 build/stm32f1xx_it.o
NMI_Handler                                       build/stm32f1xx_it.o
PVD_IRQHandler                                    build/startup_stm32f103xb.o
PendSV_Handler                                    build/stm32f1xx_it.o
RCC_IRQHandler                                    build/startup_stm32f103xb.o
RTC_Alarm_IRQHandler                              build/startup_stm32f103xb.o
RTC_IRQHandler                                    build/startup_stm32f103xb.o
Reset_Handler                                     build/startup_stm32f103xb.o
SPI1_IRQHandler                                   build/startup_stm32f103xb.o
SPI2_IRQHandler                                   build/startup_stm32f103xb.o
SVC_Handler                                       build/stm32f1xx_it.o
SysTick_Handler                                   build/stm32f1xx_it.o
SystemClock_Config                                build/main.o
SystemCoreClock                                   build/system_stm32f1xx.o
                                                  build/stm32f1xx_hal_spi.o
                                                  build/stm32f1xx_hal_rcc.o
                                                  build/stm32f1xx_hal.o
SystemCoreClockUpdate                             build/system_stm32f1xx.o
SystemInit                                        build/system_stm32f1xx.o
                                                  build/startup_stm32f103xb.o
TAMPER_IRQHandler                                 build/startup_stm32f103xb.o
TIM1_BRK_IRQHandler                               build/startup_stm32f103xb.o
TIM1_CC_IRQHandler                                build/startup_stm32f103xb.o
TIM1_TRG_COM_IRQHandler                           build/startup_stm32f103xb.o
TIM1_UP_IRQHandler                                build/startup_stm32f103xb.o
TIM2_IRQHandler                                   build/startup_stm32f103xb.o
TIM3_IRQHandler                                   build/startup_stm32f103xb.o
TIM4_IRQHandler                                   build/startup_stm32f103xb.o
UART_Start_Receive_DMA                            build/stm32f1xx_hal_uart.o
UART_Start_Receive_IT                             build/stm32f1xx_hal_uart.o
USART1_IRQHandler                                 build/stm32f1xx_it.o
USART2_IRQHandler                                 build/startup_stm32f103xb.o
USART3_IRQHandler                                 build/startup_stm32f103xb.o
USBWakeUp_IRQHandler                              build/startup_stm32f103xb.o
USB_HP_CAN1_TX_IRQHandler                         build/startup_stm32f103xb.o
USB_LP_CAN1_RX0_IRQHandler                        build/startup_stm32f103xb.o
UsageFault_Handler                                build/stm32f1xx_it.o
WWDG_IRQHandler                                   build/startup_stm32f103xb.o
__bss_end__                                       c:/program files (x86)/gnu_tools_arm_embedded/7_2017-q4-major/bin/../lib/gcc/arm-none-eabi/7.2.1/../../../../arm-none-eabi/lib/thumb/v7-m/crt0.o
__bss_start__                                     c:/program files (x86)/gnu_tools_arm_embedded/7_2017-q4-major/bin/../lib/gcc/arm-none-eabi/7.2.1/../../../../arm-none-eabi/lib/thumb/v7-m/crt0.o
__call_exitprocs                                  c:/program files (x86)/gnu_tools_arm_embedded/7_2017-q4-major/bin/../lib/gcc/arm-none-eabi/7.2.1/../../../../arm-none-eabi/lib/thumb/v7-m\libc_nano.a(lib_a-exit.o)
__deregister_frame_info                           c:/program files (x86)/gnu_tools_arm_embedded/7_2017-q4-major/bin/../lib/gcc/arm-none-eabi/7.2.1/thumb/v7-m/crtbegin.o
__dso_handle                                      c:/program files (x86)/gnu_tools_arm_embedded/7_2017-q4-major/bin/../lib/gcc/arm-none-eabi/7.2.1/thumb/v7-m/crtbegin.o
__init_array_end                                  c:/program files (x86)/gnu_tools_arm_embedded/7_2017-q4-major/bin/../lib/gcc/arm-none-eabi/7.2.1/../../../../arm-none-eabi/lib/thumb/v7-m\libc_nano.a(lib_a-init.o)
__init_array_start                                c:/program files (x86)/gnu_tools_arm_embedded/7_2017-q4-major/bin/../lib/gcc/arm-none-eabi/7.2.1/../../../../arm-none-eabi/lib/thumb/v7-m\libc_nano.a(lib_a-init.o)
__libc_fini_array                                 c:/program files (x86)/gnu_tools_arm_embedded/7_2017-q4-major/bin/../lib/gcc/arm-none-eabi/7.2.1/../../../../arm-none-eabi/lib/thumb/v7-m/crt0.o
__libc_init_array                                 c:/program files (x86)/gnu_tools_arm_embedded/7_2017-q4-major/bin/../lib/gcc/arm-none-eabi/7.2.1/../../../../arm-none-eabi/lib/thumb/v7-m\libc_nano.a(lib_a-init.o)
                                                  build/startup_stm32f103xb.o
                                                  c:/program files (x86)/gnu_tools_arm_embedded/7_2017-q4-major/bin/../lib/gcc/arm-none-eabi/7.2.1/../../../../arm-none-eabi/lib/thumb/v7-m/crt0.o
__preinit_array_end                               c:/program files (x86)/gnu_tools_arm_embedded/7_2017-q4-major/bin/../lib/gcc/arm-none-eabi/7.2.1/../../../../arm-none-eabi/lib/thumb/v7-m\libc_nano.a(lib_a-init.o)
__preinit_array_start                             c:/program files (x86)/gnu_tools_arm_embedded/7_2017-q4-major/bin/../lib/gcc/arm-none-eabi/7.2.1/../../../../arm-none-eabi/lib/thumb/v7-m\libc_nano.a(lib_a-init.o)
__register_frame_info                             c:/program files (x86)/gnu_tools_arm_embedded/7_2017-q4-major/bin/../lib/gcc/arm-none-eabi/7.2.1/thumb/v7-m/crtbegin.o
__sf_fake_stderr                                  c:/program files (x86)/gnu_tools_arm_embedded/7_2017-q4-major/bin/../lib/gcc/arm-none-eabi/7.2.1/../../../../arm-none-eabi/lib/thumb/v7-m\libc_nano.a(lib_a-impure.o)
__sf_fake_stdin                                   c:/program files (x86)/gnu_tools_arm_embedded/7_2017-q4-major/bin/../lib/gcc/arm-none-eabi/7.2.1/../../../../arm-none-eabi/lib/thumb/v7-m\libc_nano.a(lib_a-impure.o)
__sf_fake_stdout                                  c:/program files (x86)/gnu_tools_arm_embedded/7_2017-q4-major/bin/../lib/gcc/arm-none-eabi/7.2.1/../../../../arm-none-eabi/lib/thumb/v7-m\libc_nano.a(lib_a-impure.o)
__stack                                           c:/program files (x86)/gnu_tools_arm_embedded/7_2017-q4-major/bin/../lib/gcc/arm-none-eabi/7.2.1/../../../../arm-none-eabi/lib/thumb/v7-m/crt0.o
_ebss                                             build/startup_stm32f103xb.o
_edata                                            build/startup_stm32f103xb.o
_estack                                           build/startup_stm32f103xb.o
_exit                                             c:/program files (x86)/gnu_tools_arm_embedded/7_2017-q4-major/bin/../lib/gcc/arm-none-eabi/7.2.1/../../../../arm-none-eabi/lib/thumb/v7-m\libnosys.a(_exit.o)
                                                  c:/program files (x86)/gnu_tools_arm_embedded/7_2017-q4-major/bin/../lib/gcc/arm-none-eabi/7.2.1/../../../../arm-none-eabi/lib/thumb/v7-m\libc_nano.a(lib_a-exit.o)
_fini                                             c:/program files (x86)/gnu_tools_arm_embedded/7_2017-q4-major/bin/../lib/gcc/arm-none-eabi/7.2.1/thumb/v7-m/crti.o
_global_impure_ptr                                c:/program files (x86)/gnu_tools_arm_embedded/7_2017-q4-major/bin/../lib/gcc/arm-none-eabi/7.2.1/../../../../arm-none-eabi/lib/thumb/v7-m\libc_nano.a(lib_a-impure.o)
                                                  c:/program files (x86)/gnu_tools_arm_embedded/7_2017-q4-major/bin/../lib/gcc/arm-none-eabi/7.2.1/../../../../arm-none-eabi/lib/thumb/v7-m\libc_nano.a(lib_a-exit.o)
_impure_ptr                                       c:/program files (x86)/gnu_tools_arm_embedded/7_2017-q4-major/bin/../lib/gcc/arm-none-eabi/7.2.1/../../../../arm-none-eabi/lib/thumb/v7-m\libc_nano.a(lib_a-impure.o)
_init                                             c:/program files (x86)/gnu_tools_arm_embedded/7_2017-q4-major/bin/../lib/gcc/arm-none-eabi/7.2.1/thumb/v7-m/crti.o
                                                  c:/program files (x86)/gnu_tools_arm_embedded/7_2017-q4-major/bin/../lib/gcc/arm-none-eabi/7.2.1/../../../../arm-none-eabi/lib/thumb/v7-m\libc_nano.a(lib_a-init.o)
_mainCRTStartup                                   c:/program files (x86)/gnu_tools_arm_embedded/7_2017-q4-major/bin/../lib/gcc/arm-none-eabi/7.2.1/../../../../arm-none-eabi/lib/thumb/v7-m/crt0.o
_sbss                                             build/startup_stm32f103xb.o
_sdata                                            build/startup_stm32f103xb.o
_sidata                                           build/startup_stm32f103xb.o
_start                                            c:/program files (x86)/gnu_tools_arm_embedded/7_2017-q4-major/bin/../lib/gcc/arm-none-eabi/7.2.1/../../../../arm-none-eabi/lib/thumb/v7-m/crt0.o
atexit                                            c:/program files (x86)/gnu_tools_arm_embedded/7_2017-q4-major/bin/../lib/gcc/arm-none-eabi/7.2.1/../../../../arm-none-eabi/lib/thumb/v7-m/crt0.o
exit                                              c:/program files (x86)/gnu_tools_arm_embedded/7_2017-q4-major/bin/../lib/gcc/arm-none-eabi/7.2.1/../../../../arm-none-eabi/lib/thumb/v7-m\libc_nano.a(lib_a-exit.o)
                                                  c:/program files (x86)/gnu_tools_arm_embedded/7_2017-q4-major/bin/../lib/gcc/arm-none-eabi/7.2.1/../../../../arm-none-eabi/lib/thumb/v7-m/crt0.o
g_pfnVectors                                      build/startup_stm32f103xb.o
hardware_init_hook                                c:/program files (x86)/gnu_tools_arm_embedded/7_2017-q4-major/bin/../lib/gcc/arm-none-eabi/7.2.1/../../../../arm-none-eabi/lib/thumb/v7-m/crt0.o
hrtc                                              build/main.o
hspi1                                             build/main.o
huart1                                            build/main.o
                                                  build/stm32f1xx_it.o
main                                              build/main.o
                                                  build/startup_stm32f103xb.o
                                                  c:/program files (x86)/gnu_tools_arm_embedded/7_2017-q4-major/bin/../lib/gcc/arm-none-eabi/7.2.1/../../../../arm-none-eabi/lib/thumb/v7-m/crt0.o
memset                                            c:/program files (x86)/gnu_tools_arm_embedded/7_2017-q4-major/bin/../lib/gcc/arm-none-eabi/7.2.1/../../../../arm-none-eabi/lib/thumb/v7-m\libc_nano.a(lib_a-memset.o)
                                                  build/u8g2_buffer.o
                                                  c:/program files (x86)/gnu_tools_arm_embedded/7_2017-q4-major/bin/../lib/gcc/arm-none-eabi/7.2.1/../../../../arm-none-eabi/lib/thumb/v7-m/crt0.o
pFlash                                            build/stm32f1xx_hal_flash.o
                                                  build/stm32f1xx_hal_flash_ex.o
software_init_hook                                c:/program files (x86)/gnu_tools_arm_embedded/7_2017-q4-major/bin/../lib/gcc/arm-none-eabi/7.2.1/../../../../arm-none-eabi/lib/thumb/v7-m/crt0.o
tick_main                                         build/main.o
u8g2_AddPolygonXY                                 build/u8g2_polygon.o
u8g2_ClearBuffer                                  build/u8g2_buffer.o
u8g2_ClearDisplay                                 build/u8g2_cleardisplay.o
u8g2_ClearPolygonXY                               build/u8g2_polygon.o
u8g2_DrawBitmap                                   build/u8g2_bitmap.o
u8g2_DrawBox                                      build/u8g2_box.o
                                                  build/u8g2_selection_list.o
u8g2_DrawCircle                                   build/u8g2_circle.o
                                                  build/u8g2_box.o
                                                  build/main.o
u8g2_DrawDisc                                     build/u8g2_circle.o
                                                  build/u8g2_box.o
u8g2_DrawEllipse                                  build/u8g2_circle.o
u8g2_DrawExtUTF8                                  build/u8g2_font.o
u8g2_DrawExtendedUTF8                             build/u8g2_font.o
u8g2_DrawFilledEllipse                            build/u8g2_circle.o
u8g2_DrawFrame                                    build/u8g2_box.o
                                                  build/u8g2_selection_list.o
u8g2_DrawGlyph                                    build/u8g2_font.o
u8g2_DrawHLine                                    build/u8g2_hvline.o
                                                  build/u8g2_selection_list.o
                                                  build/u8g2_polygon.o
                                                  build/u8g2_box.o
u8g2_DrawHVLine                                   build/u8g2_hvline.o
                                                  build/u8g2_font.o
                                                  build/u8g2_box.o
                                                  build/u8g2_bitmap.o
u8g2_DrawHXBM                                     build/u8g2_bitmap.o
u8g2_DrawHXBMP                                    build/u8g2_bitmap.o
u8g2_DrawHorizontalBitmap                         build/u8g2_bitmap.o
u8g2_DrawLine                                     build/u8g2_line.o
u8g2_DrawPixel                                    build/u8g2_hvline.o
                                                  build/u8g2_line.o
                                                  build/u8g2_circle.o
u8g2_DrawPolygon                                  build/u8g2_polygon.o
u8g2_DrawRBox                                     build/u8g2_box.o
u8g2_DrawRFrame                                   build/u8g2_box.o
u8g2_DrawSelectionList                            build/u8g2_selection_list.o
u8g2_DrawStr                                      build/u8g2_font.o
                                                  build/main.o
u8g2_DrawTriangle                                 build/u8g2_polygon.o
u8g2_DrawUTF8                                     build/u8g2_font.o
                                                  build/u8g2_selection_list.o
                                                  build/u8g2_input_value.o
u8g2_DrawUTF8Line                                 build/u8g2_selection_list.o
                                                  build/u8g2_message.o
u8g2_DrawUTF8Lines                                build/u8g2_selection_list.o
                                                  build/u8g2_message.o
                                                  build/u8g2_input_value.o
u8g2_DrawVLine                                    build/u8g2_hvline.o
                                                  build/u8g2_circle.o
                                                  build/u8g2_box.o
u8g2_DrawXBM                                      build/u8g2_bitmap.o
u8g2_DrawXBMP                                     build/u8g2_bitmap.o
u8g2_FirstPage                                    build/u8g2_buffer.o
                                                  build/u8g2_selection_list.o
                                                  build/u8g2_message.o
                                                  build/u8g2_input_value.o
                                                  build/u8g2_cleardisplay.o
                                                  build/main.o
u8g2_GetExactStrWidth                             build/u8g2_font.o
u8g2_GetFontBBXHeight                             build/u8g2_font.o
u8g2_GetFontBBXOffX                               build/u8g2_font.o
u8g2_GetFontBBXOffY                               build/u8g2_font.o
u8g2_GetFontBBXWidth                              build/u8g2_font.o
u8g2_GetFontCapitalAHeight                        build/u8g2_font.o
u8g2_GetFontSize                                  build/u8g2_font.o
u8g2_GetGlyphWidth                                build/u8g2_font.o
u8g2_GetKerning                                   build/u8g2_kerning.o
                                                  build/u8g2_font.o
u8g2_GetKerningByTable                            build/u8g2_kerning.o
                                                  build/u8g2_font.o
u8g2_GetStrWidth                                  build/u8g2_font.o
u8g2_GetStrX                                      build/u8g2_font.o
u8g2_GetUTF8Width                                 build/u8g2_font.o
                                                  build/u8g2_selection_list.o
                                                  build/u8g2_message.o
                                                  build/u8g2_input_value.o
u8g2_IsGlyph                                      build/u8g2_font.o
u8g2_IsIntersection                               build/u8g2_intersection.o
                                                  build/u8g2_setup.o
                                                  build/u8g2_font.o